Copyright 1986-2022 Xilinx, Inc. All Rights Reserved. Copyright 2022-2023 Advanced Micro Devices, Inc. All Rights Reserved.
---------------------------------------------------------------------------------------------------------------------------------------------------------------------------------------------------------------------
| Tool Version : Vivado v.2023.1 (win64) Build 3865809 Sun May  7 15:05:29 MDT 2023
| Date         : Thu Mar 13 14:46:53 2025
| Host         : Wanghaochen running 64-bit major release  (build 9200)
| Command      : report_timing_summary -max_paths 10 -report_unconstrained -file Goertzel_timing_summary_routed.rpt -pb Goertzel_timing_summary_routed.pb -rpx Goertzel_timing_summary_routed.rpx -warn_on_violation
| Design       : Goertzel
| Device       : 7a100t-fgg484
| Speed File   : -2  PRODUCTION 1.23 2018-06-13
| Design State : Routed
---------------------------------------------------------------------------------------------------------------------------------------------------------------------------------------------------------------------

Timing Summary Report

------------------------------------------------------------------------------------------------
| Timer Settings
| --------------
------------------------------------------------------------------------------------------------

  Enable Multi Corner Analysis               :  Yes
  Enable Pessimism Removal                   :  Yes
  Pessimism Removal Resolution               :  Nearest Common Node
  Enable Input Delay Default Clock           :  No
  Enable Preset / Clear Arcs                 :  No
  Disable Flight Delays                      :  No
  Ignore I/O Paths                           :  No
  Timing Early Launch at Borrowing Latches   :  No
  Borrow Time for Max Delay Exceptions       :  Yes
  Merge Timing Exceptions                    :  Yes

  Corner  Analyze    Analyze    
  Name    Max Paths  Min Paths  
  ------  ---------  ---------  
  Slow    Yes        Yes        
  Fast    Yes        Yes        


------------------------------------------------------------------------------------------------
| Report Methodology
| ------------------
------------------------------------------------------------------------------------------------

Rule       Severity          Description                  Violations  
---------  ----------------  ---------------------------  ----------  
TIMING-17  Critical Warning  Non-clocked sequential cell  1000        
DPIR-1     Warning           Asynchronous driver check    1338        
SYNTH-10   Warning           Wide multiplier              18          

Note: This report is based on the most recent report_methodology run and may not be up-to-date. Run report_methodology on the current design for the latest report.



check_timing report

Table of Contents
-----------------
1. checking no_clock (17664)
2. checking constant_clock (0)
3. checking pulse_width_clock (0)
4. checking unconstrained_internal_endpoints (36594)
5. checking no_input_delay (1)
6. checking no_output_delay (160)
7. checking multiple_clock (0)
8. checking generated_clocks (0)
9. checking loops (0)
10. checking partial_input_delay (0)
11. checking partial_output_delay (0)
12. checking latch_loops (0)

1. checking no_clock (17664)
----------------------------
 There are 17664 register/latch pins with no clock driven by root clock pin: sys_clk (HIGH)


2. checking constant_clock (0)
------------------------------
 There are 0 register/latch pins with constant_clock.


3. checking pulse_width_clock (0)
---------------------------------
 There are 0 register/latch pins which need pulse_width check


4. checking unconstrained_internal_endpoints (36594)
----------------------------------------------------
 There are 36594 pins that are not constrained for maximum delay. (HIGH)

 There are 0 pins that are not constrained for maximum delay due to constant clock.


5. checking no_input_delay (1)
------------------------------
 There is 1 input port with no input delay specified. (HIGH)

 There are 0 input ports with no input delay but user has a false path constraint.


6. checking no_output_delay (160)
---------------------------------
 There are 160 ports with no output delay specified. (HIGH)

 There are 0 ports with no output delay but user has a false path constraint

 There are 0 ports with no output delay but with a timing clock defined on it or propagating through it


7. checking multiple_clock (0)
------------------------------
 There are 0 register/latch pins with multiple clocks.


8. checking generated_clocks (0)
--------------------------------
 There are 0 generated clocks that are not connected to a clock source.


9. checking loops (0)
---------------------
 There are 0 combinational loops in the design.


10. checking partial_input_delay (0)
------------------------------------
 There are 0 input ports with partial input delay specified.


11. checking partial_output_delay (0)
-------------------------------------
 There are 0 ports with partial output delay specified.


12. checking latch_loops (0)
----------------------------
 There are 0 combinational latch loops in the design through latch input



------------------------------------------------------------------------------------------------
| Design Timing Summary
| ---------------------
------------------------------------------------------------------------------------------------

    WNS(ns)      TNS(ns)  TNS Failing Endpoints  TNS Total Endpoints      WHS(ns)      THS(ns)  THS Failing Endpoints  THS Total Endpoints     WPWS(ns)     TPWS(ns)  TPWS Failing Endpoints  TPWS Total Endpoints  
    -------      -------  ---------------------  -------------------      -------      -------  ---------------------  -------------------     --------     --------  ----------------------  --------------------  
        inf        0.000                      0                36754          inf        0.000                      0                36754           NA           NA                      NA                    NA  


There are no user specified timing constraints.


------------------------------------------------------------------------------------------------
| Clock Summary
| -------------
------------------------------------------------------------------------------------------------


------------------------------------------------------------------------------------------------
| Intra Clock Table
| -----------------
------------------------------------------------------------------------------------------------

Clock             WNS(ns)      TNS(ns)  TNS Failing Endpoints  TNS Total Endpoints      WHS(ns)      THS(ns)  THS Failing Endpoints  THS Total Endpoints     WPWS(ns)     TPWS(ns)  TPWS Failing Endpoints  TPWS Total Endpoints  
-----             -------      -------  ---------------------  -------------------      -------      -------  ---------------------  -------------------     --------     --------  ----------------------  --------------------  


------------------------------------------------------------------------------------------------
| Inter Clock Table
| -----------------
------------------------------------------------------------------------------------------------

From Clock    To Clock          WNS(ns)      TNS(ns)  TNS Failing Endpoints  TNS Total Endpoints      WHS(ns)      THS(ns)  THS Failing Endpoints  THS Total Endpoints  
----------    --------          -------      -------  ---------------------  -------------------      -------      -------  ---------------------  -------------------  


------------------------------------------------------------------------------------------------
| Other Path Groups Table
| -----------------------
------------------------------------------------------------------------------------------------

Path Group    From Clock    To Clock          WNS(ns)      TNS(ns)  TNS Failing Endpoints  TNS Total Endpoints      WHS(ns)      THS(ns)  THS Failing Endpoints  THS Total Endpoints  
----------    ----------    --------          -------      -------  ---------------------  -------------------      -------      -------  ---------------------  -------------------  


------------------------------------------------------------------------------------------------
| User Ignored Path Table
| -----------------------
------------------------------------------------------------------------------------------------

Path Group    From Clock    To Clock    
----------    ----------    --------    


------------------------------------------------------------------------------------------------
| Unconstrained Path Table
| ------------------------
------------------------------------------------------------------------------------------------

Path Group    From Clock    To Clock    
----------    ----------    --------    
(none)                                    


------------------------------------------------------------------------------------------------
| Timing Details
| --------------
------------------------------------------------------------------------------------------------


--------------------------------------------------------------------------------------
Path Group:  (none)
From Clock:  
  To Clock:  

Max Delay         36754 Endpoints
Min Delay         36754 Endpoints
--------------------------------------------------------------------------------------


Max Delay Paths
--------------------------------------------------------------------------------------
Slack:                    inf
  Source:                 rst_n
                            (input port)
  Destination:            temp_imag_23_reg[40]/CLR
  Path Group:             (none)
  Path Type:              Max at Slow Process Corner
  Data Path Delay:        15.487ns  (logic 1.042ns (6.727%)  route 14.445ns (93.273%))
  Logic Levels:           2  (IBUF=1 LUT1=1)

    Location             Delay type                Incr(ns)  Path(ns)    Netlist Resource(s)
  -------------------------------------------------------------------    -------------------
    U15                                               0.000     0.000 r  rst_n (IN)
                         net (fo=0)                   0.000     0.000    rst_n
    U15                  IBUF (Prop_ibuf_I_O)         0.937     0.937 r  rst_n_IBUF_inst/O
                         net (fo=41, routed)          1.317     2.254    u_lfp_read/rst_n_IBUF
    SLICE_X7Y25          LUT1 (Prop_lut1_I0_O)        0.105     2.359 f  u_lfp_read/count_done_inv_i_2/O
                         net (fo=1263, routed)       13.128    15.487    u_lfp_read_n_1028
    SLICE_X12Y140        FDCE                                         f  temp_imag_23_reg[40]/CLR
  -------------------------------------------------------------------    -------------------

Slack:                    inf
  Source:                 rst_n
                            (input port)
  Destination:            temp_imag_23_reg[41]/CLR
  Path Group:             (none)
  Path Type:              Max at Slow Process Corner
  Data Path Delay:        15.487ns  (logic 1.042ns (6.727%)  route 14.445ns (93.273%))
  Logic Levels:           2  (IBUF=1 LUT1=1)

    Location             Delay type                Incr(ns)  Path(ns)    Netlist Resource(s)
  -------------------------------------------------------------------    -------------------
    U15                                               0.000     0.000 r  rst_n (IN)
                         net (fo=0)                   0.000     0.000    rst_n
    U15                  IBUF (Prop_ibuf_I_O)         0.937     0.937 r  rst_n_IBUF_inst/O
                         net (fo=41, routed)          1.317     2.254    u_lfp_read/rst_n_IBUF
    SLICE_X7Y25          LUT1 (Prop_lut1_I0_O)        0.105     2.359 f  u_lfp_read/count_done_inv_i_2/O
                         net (fo=1263, routed)       13.128    15.487    u_lfp_read_n_1028
    SLICE_X12Y140        FDCE                                         f  temp_imag_23_reg[41]/CLR
  -------------------------------------------------------------------    -------------------

Slack:                    inf
  Source:                 read_ptr_reg[0]_rep__36/C
                            (rising edge-triggered cell FDCE)
  Destination:            current_data_reg[13]/D
  Path Group:             (none)
  Path Type:              Max at Slow Process Corner
  Data Path Delay:        15.468ns  (logic 1.723ns (11.139%)  route 13.745ns (88.861%))
  Logic Levels:           9  (FDCE=1 LUT4=1 LUT6=3 MUXF7=2 MUXF8=2)

    Location             Delay type                Incr(ns)  Path(ns)    Netlist Resource(s)
  -------------------------------------------------------------------    -------------------
    SLICE_X14Y84         FDCE                         0.000     0.000 r  read_ptr_reg[0]_rep__36/C
    SLICE_X14Y84         FDCE (Prop_fdce_C_Q)         0.433     0.433 r  read_ptr_reg[0]_rep__36/Q
                         net (fo=120, routed)         9.645    10.078    read_ptr_reg[0]_rep__36_n_0
    SLICE_X4Y20          LUT6 (Prop_lut6_I4_O)        0.105    10.183 r  current_data[13]_i_314/O
                         net (fo=1, routed)           0.000    10.183    current_data[13]_i_314_n_0
    SLICE_X4Y20          MUXF7 (Prop_muxf7_I1_O)      0.182    10.365 r  current_data_reg[13]_i_140/O
                         net (fo=1, routed)           0.000    10.365    current_data_reg[13]_i_140_n_0
    SLICE_X4Y20          MUXF8 (Prop_muxf8_I1_O)      0.079    10.444 r  current_data_reg[13]_i_53/O
                         net (fo=1, routed)           1.405    11.849    current_data_reg[13]_i_53_n_0
    SLICE_X33Y19         LUT6 (Prop_lut6_I3_O)        0.264    12.113 r  current_data[13]_i_20/O
                         net (fo=1, routed)           0.000    12.113    current_data[13]_i_20_n_0
    SLICE_X33Y19         MUXF7 (Prop_muxf7_I1_O)      0.206    12.319 r  current_data_reg[13]_i_9/O
                         net (fo=1, routed)           0.000    12.319    current_data_reg[13]_i_9_n_0
    SLICE_X33Y19         MUXF8 (Prop_muxf8_I0_O)      0.085    12.404 r  current_data_reg[13]_i_4/O
                         net (fo=1, routed)           1.753    14.156    current_data_reg[13]_i_4_n_0
    SLICE_X57Y49         LUT6 (Prop_lut6_I1_O)        0.264    14.420 r  current_data[13]_i_2/O
                         net (fo=1, routed)           0.943    15.363    data_buffer[13]
    SLICE_X57Y57         LUT4 (Prop_lut4_I1_O)        0.105    15.468 r  current_data[13]_i_1/O
                         net (fo=1, routed)           0.000    15.468    current_data[13]_i_1_n_0
    SLICE_X57Y57         FDRE                                         r  current_data_reg[13]/D
  -------------------------------------------------------------------    -------------------

Slack:                    inf
  Source:                 rst_n
                            (input port)
  Destination:            temp_imag_23_reg[36]/CLR
  Path Group:             (none)
  Path Type:              Max at Slow Process Corner
  Data Path Delay:        15.379ns  (logic 1.042ns (6.774%)  route 14.337ns (93.226%))
  Logic Levels:           2  (IBUF=1 LUT1=1)

    Location             Delay type                Incr(ns)  Path(ns)    Netlist Resource(s)
  -------------------------------------------------------------------    -------------------
    U15                                               0.000     0.000 r  rst_n (IN)
                         net (fo=0)                   0.000     0.000    rst_n
    U15                  IBUF (Prop_ibuf_I_O)         0.937     0.937 r  rst_n_IBUF_inst/O
                         net (fo=41, routed)          1.317     2.254    u_lfp_read/rst_n_IBUF
    SLICE_X7Y25          LUT1 (Prop_lut1_I0_O)        0.105     2.359 f  u_lfp_read/count_done_inv_i_2/O
                         net (fo=1263, routed)       13.020    15.379    u_lfp_read_n_1028
    SLICE_X12Y139        FDCE                                         f  temp_imag_23_reg[36]/CLR
  -------------------------------------------------------------------    -------------------

Slack:                    inf
  Source:                 rst_n
                            (input port)
  Destination:            temp_imag_23_reg[37]/CLR
  Path Group:             (none)
  Path Type:              Max at Slow Process Corner
  Data Path Delay:        15.379ns  (logic 1.042ns (6.774%)  route 14.337ns (93.226%))
  Logic Levels:           2  (IBUF=1 LUT1=1)

    Location             Delay type                Incr(ns)  Path(ns)    Netlist Resource(s)
  -------------------------------------------------------------------    -------------------
    U15                                               0.000     0.000 r  rst_n (IN)
                         net (fo=0)                   0.000     0.000    rst_n
    U15                  IBUF (Prop_ibuf_I_O)         0.937     0.937 r  rst_n_IBUF_inst/O
                         net (fo=41, routed)          1.317     2.254    u_lfp_read/rst_n_IBUF
    SLICE_X7Y25          LUT1 (Prop_lut1_I0_O)        0.105     2.359 f  u_lfp_read/count_done_inv_i_2/O
                         net (fo=1263, routed)       13.020    15.379    u_lfp_read_n_1028
    SLICE_X12Y139        FDCE                                         f  temp_imag_23_reg[37]/CLR
  -------------------------------------------------------------------    -------------------

Slack:                    inf
  Source:                 rst_n
                            (input port)
  Destination:            temp_imag_23_reg[38]/CLR
  Path Group:             (none)
  Path Type:              Max at Slow Process Corner
  Data Path Delay:        15.379ns  (logic 1.042ns (6.774%)  route 14.337ns (93.226%))
  Logic Levels:           2  (IBUF=1 LUT1=1)

    Location             Delay type                Incr(ns)  Path(ns)    Netlist Resource(s)
  -------------------------------------------------------------------    -------------------
    U15                                               0.000     0.000 r  rst_n (IN)
                         net (fo=0)                   0.000     0.000    rst_n
    U15                  IBUF (Prop_ibuf_I_O)         0.937     0.937 r  rst_n_IBUF_inst/O
                         net (fo=41, routed)          1.317     2.254    u_lfp_read/rst_n_IBUF
    SLICE_X7Y25          LUT1 (Prop_lut1_I0_O)        0.105     2.359 f  u_lfp_read/count_done_inv_i_2/O
                         net (fo=1263, routed)       13.020    15.379    u_lfp_read_n_1028
    SLICE_X12Y139        FDCE                                         f  temp_imag_23_reg[38]/CLR
  -------------------------------------------------------------------    -------------------

Slack:                    inf
  Source:                 rst_n
                            (input port)
  Destination:            temp_imag_23_reg[39]/CLR
  Path Group:             (none)
  Path Type:              Max at Slow Process Corner
  Data Path Delay:        15.379ns  (logic 1.042ns (6.774%)  route 14.337ns (93.226%))
  Logic Levels:           2  (IBUF=1 LUT1=1)

    Location             Delay type                Incr(ns)  Path(ns)    Netlist Resource(s)
  -------------------------------------------------------------------    -------------------
    U15                                               0.000     0.000 r  rst_n (IN)
                         net (fo=0)                   0.000     0.000    rst_n
    U15                  IBUF (Prop_ibuf_I_O)         0.937     0.937 r  rst_n_IBUF_inst/O
                         net (fo=41, routed)          1.317     2.254    u_lfp_read/rst_n_IBUF
    SLICE_X7Y25          LUT1 (Prop_lut1_I0_O)        0.105     2.359 f  u_lfp_read/count_done_inv_i_2/O
                         net (fo=1263, routed)       13.020    15.379    u_lfp_read_n_1028
    SLICE_X12Y139        FDCE                                         f  temp_imag_23_reg[39]/CLR
  -------------------------------------------------------------------    -------------------

Slack:                    inf
  Source:                 rst_n
                            (input port)
  Destination:            temp_imag_23_reg[32]/CLR
  Path Group:             (none)
  Path Type:              Max at Slow Process Corner
  Data Path Delay:        15.261ns  (logic 1.042ns (6.826%)  route 14.220ns (93.174%))
  Logic Levels:           2  (IBUF=1 LUT1=1)

    Location             Delay type                Incr(ns)  Path(ns)    Netlist Resource(s)
  -------------------------------------------------------------------    -------------------
    U15                                               0.000     0.000 r  rst_n (IN)
                         net (fo=0)                   0.000     0.000    rst_n
    U15                  IBUF (Prop_ibuf_I_O)         0.937     0.937 r  rst_n_IBUF_inst/O
                         net (fo=41, routed)          1.317     2.254    u_lfp_read/rst_n_IBUF
    SLICE_X7Y25          LUT1 (Prop_lut1_I0_O)        0.105     2.359 f  u_lfp_read/count_done_inv_i_2/O
                         net (fo=1263, routed)       12.903    15.261    u_lfp_read_n_1028
    SLICE_X12Y138        FDCE                                         f  temp_imag_23_reg[32]/CLR
  -------------------------------------------------------------------    -------------------

Slack:                    inf
  Source:                 rst_n
                            (input port)
  Destination:            temp_imag_23_reg[33]/CLR
  Path Group:             (none)
  Path Type:              Max at Slow Process Corner
  Data Path Delay:        15.261ns  (logic 1.042ns (6.826%)  route 14.220ns (93.174%))
  Logic Levels:           2  (IBUF=1 LUT1=1)

    Location             Delay type                Incr(ns)  Path(ns)    Netlist Resource(s)
  -------------------------------------------------------------------    -------------------
    U15                                               0.000     0.000 r  rst_n (IN)
                         net (fo=0)                   0.000     0.000    rst_n
    U15                  IBUF (Prop_ibuf_I_O)         0.937     0.937 r  rst_n_IBUF_inst/O
                         net (fo=41, routed)          1.317     2.254    u_lfp_read/rst_n_IBUF
    SLICE_X7Y25          LUT1 (Prop_lut1_I0_O)        0.105     2.359 f  u_lfp_read/count_done_inv_i_2/O
                         net (fo=1263, routed)       12.903    15.261    u_lfp_read_n_1028
    SLICE_X12Y138        FDCE                                         f  temp_imag_23_reg[33]/CLR
  -------------------------------------------------------------------    -------------------

Slack:                    inf
  Source:                 rst_n
                            (input port)
  Destination:            temp_imag_23_reg[34]/CLR
  Path Group:             (none)
  Path Type:              Max at Slow Process Corner
  Data Path Delay:        15.261ns  (logic 1.042ns (6.826%)  route 14.220ns (93.174%))
  Logic Levels:           2  (IBUF=1 LUT1=1)

    Location             Delay type                Incr(ns)  Path(ns)    Netlist Resource(s)
  -------------------------------------------------------------------    -------------------
    U15                                               0.000     0.000 r  rst_n (IN)
                         net (fo=0)                   0.000     0.000    rst_n
    U15                  IBUF (Prop_ibuf_I_O)         0.937     0.937 r  rst_n_IBUF_inst/O
                         net (fo=41, routed)          1.317     2.254    u_lfp_read/rst_n_IBUF
    SLICE_X7Y25          LUT1 (Prop_lut1_I0_O)        0.105     2.359 f  u_lfp_read/count_done_inv_i_2/O
                         net (fo=1263, routed)       12.903    15.261    u_lfp_read_n_1028
    SLICE_X12Y138        FDCE                                         f  temp_imag_23_reg[34]/CLR
  -------------------------------------------------------------------    -------------------





Min Delay Paths
--------------------------------------------------------------------------------------
Slack:                    inf
  Source:                 u_lfp_read/data_reg[1]_rep/C
                            (rising edge-triggered cell FDCE)
  Destination:            data_buffer_reg[111][1]/D
  Path Group:             (none)
  Path Type:              Min at Fast Process Corner
  Data Path Delay:        0.248ns  (logic 0.164ns (66.054%)  route 0.084ns (33.946%))
  Logic Levels:           1  (FDCE=1)

    Location             Delay type                Incr(ns)  Path(ns)    Netlist Resource(s)
  -------------------------------------------------------------------    -------------------
    SLICE_X56Y5          FDCE                         0.000     0.000 r  u_lfp_read/data_reg[1]_rep/C
    SLICE_X56Y5          FDCE (Prop_fdce_C_Q)         0.164     0.164 r  u_lfp_read/data_reg[1]_rep/Q
                         net (fo=64, routed)          0.084     0.248    u_lfp_read_n_1059
    SLICE_X57Y5          FDRE                                         r  data_buffer_reg[111][1]/D
  -------------------------------------------------------------------    -------------------

Slack:                    inf
  Source:                 u_lfp_read/data_reg[1]_rep__10/C
                            (rising edge-triggered cell FDCE)
  Destination:            data_buffer_reg[783][1]/D
  Path Group:             (none)
  Path Type:              Min at Fast Process Corner
  Data Path Delay:        0.251ns  (logic 0.128ns (50.947%)  route 0.123ns (49.053%))
  Logic Levels:           1  (FDCE=1)

    Location             Delay type                Incr(ns)  Path(ns)    Netlist Resource(s)
  -------------------------------------------------------------------    -------------------
    SLICE_X23Y36         FDCE                         0.000     0.000 r  u_lfp_read/data_reg[1]_rep__10/C
    SLICE_X23Y36         FDCE (Prop_fdce_C_Q)         0.128     0.128 r  u_lfp_read/data_reg[1]_rep__10/Q
                         net (fo=64, routed)          0.123     0.251    u_lfp_read_n_1235
    SLICE_X20Y36         FDRE                                         r  data_buffer_reg[783][1]/D
  -------------------------------------------------------------------    -------------------

Slack:                    inf
  Source:                 u_lfp_read/data_reg[11]_rep__5/C
                            (rising edge-triggered cell FDCE)
  Destination:            data_buffer_reg[458][11]/D
  Path Group:             (none)
  Path Type:              Min at Fast Process Corner
  Data Path Delay:        0.252ns  (logic 0.141ns (55.918%)  route 0.111ns (44.082%))
  Logic Levels:           1  (FDCE=1)

    Location             Delay type                Incr(ns)  Path(ns)    Netlist Resource(s)
  -------------------------------------------------------------------    -------------------
    SLICE_X40Y65         FDCE                         0.000     0.000 r  u_lfp_read/data_reg[11]_rep__5/C
    SLICE_X40Y65         FDCE (Prop_fdce_C_Q)         0.141     0.141 r  u_lfp_read/data_reg[11]_rep__5/Q
                         net (fo=64, routed)          0.111     0.252    u_lfp_read_n_1145
    SLICE_X38Y66         FDRE                                         r  data_buffer_reg[458][11]/D
  -------------------------------------------------------------------    -------------------

Slack:                    inf
  Source:                 u_lfp_read/data_reg[11]_rep__13/C
                            (rising edge-triggered cell FDCE)
  Destination:            data_buffer_reg[1002][11]/D
  Path Group:             (none)
  Path Type:              Min at Fast Process Corner
  Data Path Delay:        0.257ns  (logic 0.141ns (54.868%)  route 0.116ns (45.132%))
  Logic Levels:           1  (FDCE=1)

    Location             Delay type                Incr(ns)  Path(ns)    Netlist Resource(s)
  -------------------------------------------------------------------    -------------------
    SLICE_X59Y41         FDCE                         0.000     0.000 r  u_lfp_read/data_reg[11]_rep__13/C
    SLICE_X59Y41         FDCE (Prop_fdce_C_Q)         0.141     0.141 r  u_lfp_read/data_reg[11]_rep__13/Q
                         net (fo=64, routed)          0.116     0.257    u_lfp_read_n_1273
    SLICE_X61Y42         FDRE                                         r  data_buffer_reg[1002][11]/D
  -------------------------------------------------------------------    -------------------

Slack:                    inf
  Source:                 u_lfp_read/data_reg[0]_rep__13/C
                            (rising edge-triggered cell FDCE)
  Destination:            data_buffer_reg[968][0]/D
  Path Group:             (none)
  Path Type:              Min at Fast Process Corner
  Data Path Delay:        0.262ns  (logic 0.141ns (53.838%)  route 0.121ns (46.162%))
  Logic Levels:           1  (FDCE=1)

    Location             Delay type                Incr(ns)  Path(ns)    Netlist Resource(s)
  -------------------------------------------------------------------    -------------------
    SLICE_X45Y52         FDCE                         0.000     0.000 r  u_lfp_read/data_reg[0]_rep__13/C
    SLICE_X45Y52         FDCE (Prop_fdce_C_Q)         0.141     0.141 r  u_lfp_read/data_reg[0]_rep__13/Q
                         net (fo=64, routed)          0.121     0.262    u_lfp_read_n_1284
    SLICE_X42Y51         FDRE                                         r  data_buffer_reg[968][0]/D
  -------------------------------------------------------------------    -------------------

Slack:                    inf
  Source:                 u_lfp_read/data_reg[4]_rep__13/C
                            (rising edge-triggered cell FDCE)
  Destination:            data_buffer_reg[968][4]/D
  Path Group:             (none)
  Path Type:              Min at Fast Process Corner
  Data Path Delay:        0.262ns  (logic 0.141ns (53.820%)  route 0.121ns (46.180%))
  Logic Levels:           1  (FDCE=1)

    Location             Delay type                Incr(ns)  Path(ns)    Netlist Resource(s)
  -------------------------------------------------------------------    -------------------
    SLICE_X45Y52         FDCE                         0.000     0.000 r  u_lfp_read/data_reg[4]_rep__13/C
    SLICE_X45Y52         FDCE (Prop_fdce_C_Q)         0.141     0.141 r  u_lfp_read/data_reg[4]_rep__13/Q
                         net (fo=64, routed)          0.121     0.262    u_lfp_read_n_1280
    SLICE_X42Y51         FDRE                                         r  data_buffer_reg[968][4]/D
  -------------------------------------------------------------------    -------------------

Slack:                    inf
  Source:                 u_lfp_read/data_reg[3]_rep__8/C
                            (rising edge-triggered cell FDCE)
  Destination:            data_buffer_reg[644][3]/D
  Path Group:             (none)
  Path Type:              Min at Fast Process Corner
  Data Path Delay:        0.267ns  (logic 0.141ns (52.894%)  route 0.126ns (47.106%))
  Logic Levels:           1  (FDCE=1)

    Location             Delay type                Incr(ns)  Path(ns)    Netlist Resource(s)
  -------------------------------------------------------------------    -------------------
    SLICE_X33Y15         FDCE                         0.000     0.000 r  u_lfp_read/data_reg[3]_rep__8/C
    SLICE_X33Y15         FDCE (Prop_fdce_C_Q)         0.141     0.141 r  u_lfp_read/data_reg[3]_rep__8/Q
                         net (fo=64, routed)          0.126     0.267    u_lfp_read_n_1201
    SLICE_X35Y14         FDRE                                         r  data_buffer_reg[644][3]/D
  -------------------------------------------------------------------    -------------------

Slack:                    inf
  Source:                 u_lfp_read/data_reg[3]_rep__3/C
                            (rising edge-triggered cell FDCE)
  Destination:            data_buffer_reg[326][3]/D
  Path Group:             (none)
  Path Type:              Min at Fast Process Corner
  Data Path Delay:        0.268ns  (logic 0.141ns (52.646%)  route 0.127ns (47.354%))
  Logic Levels:           1  (FDCE=1)

    Location             Delay type                Incr(ns)  Path(ns)    Netlist Resource(s)
  -------------------------------------------------------------------    -------------------
    SLICE_X64Y60         FDCE                         0.000     0.000 r  u_lfp_read/data_reg[3]_rep__3/C
    SLICE_X64Y60         FDCE (Prop_fdce_C_Q)         0.141     0.141 r  u_lfp_read/data_reg[3]_rep__3/Q
                         net (fo=64, routed)          0.127     0.268    u_lfp_read_n_1121
    SLICE_X66Y61         FDRE                                         r  data_buffer_reg[326][3]/D
  -------------------------------------------------------------------    -------------------

Slack:                    inf
  Source:                 u_lfp_read/data_reg[6]_rep__7/C
                            (rising edge-triggered cell FDCE)
  Destination:            data_buffer_reg[589][6]/D
  Path Group:             (none)
  Path Type:              Min at Fast Process Corner
  Data Path Delay:        0.269ns  (logic 0.141ns (52.502%)  route 0.128ns (47.498%))
  Logic Levels:           1  (FDCE=1)

    Location             Delay type                Incr(ns)  Path(ns)    Netlist Resource(s)
  -------------------------------------------------------------------    -------------------
    SLICE_X19Y22         FDCE                         0.000     0.000 r  u_lfp_read/data_reg[6]_rep__7/C
    SLICE_X19Y22         FDCE (Prop_fdce_C_Q)         0.141     0.141 r  u_lfp_read/data_reg[6]_rep__7/Q
                         net (fo=64, routed)          0.128     0.269    u_lfp_read_n_1182
    SLICE_X16Y23         FDRE                                         r  data_buffer_reg[589][6]/D
  -------------------------------------------------------------------    -------------------

Slack:                    inf
  Source:                 u_lfp_read/data_reg[12]_rep__13/C
                            (rising edge-triggered cell FDCE)
  Destination:            data_buffer_reg[1006][12]/D
  Path Group:             (none)
  Path Type:              Min at Fast Process Corner
  Data Path Delay:        0.269ns  (logic 0.141ns (52.470%)  route 0.128ns (47.530%))
  Logic Levels:           1  (FDCE=1)

    Location             Delay type                Incr(ns)  Path(ns)    Netlist Resource(s)
  -------------------------------------------------------------------    -------------------
    SLICE_X59Y41         FDCE                         0.000     0.000 r  u_lfp_read/data_reg[12]_rep__13/C
    SLICE_X59Y41         FDCE (Prop_fdce_C_Q)         0.141     0.141 r  u_lfp_read/data_reg[12]_rep__13/Q
                         net (fo=64, routed)          0.128     0.269    u_lfp_read_n_1272
    SLICE_X60Y41         FDRE                                         r  data_buffer_reg[1006][12]/D
  -------------------------------------------------------------------    -------------------





