
*** Running vivado
    with args -log Goertzel.vds -m64 -product Vivado -mode batch -messageDb vivado.pb -notrace -source Goertzel.tcl


ECHO 处于关闭状态。
ECHO 处于关闭状态。

****** Vivado v2023.1 (64-bit)
  **** SW Build 3865809 on Sun May  7 15:05:29 MDT 2023
  **** IP Build 3864474 on Sun May  7 20:36:21 MDT 2023
  **** SharedData Build 3865790 on Sun May 07 13:33:03 MDT 2023
    ** Copyright 1986-2022 Xilinx, Inc. All Rights Reserved.
    ** Copyright 2022-2023 Advanced Micro Devices, Inc. All Rights Reserved.

source Goertzel.tcl -notrace
create_project: Time (s): cpu = 00:00:05 ; elapsed = 00:00:05 . Memory (MB): peak = 455.238 ; gain = 157.328
Command: synth_design -top Goertzel -part xc7a100tfgg484-2
Starting synth_design
Attempting to get a license for feature 'Synthesis' and/or device 'xc7a100t'
INFO: [Common 17-349] Got license for feature 'Synthesis' and/or device 'xc7a100t'
INFO: [Device 21-403] Loading part xc7a100tfgg484-2
INFO: [Synth 8-7079] Multithreading enabled for synth_design using a maximum of 2 processes.
INFO: [Synth 8-7078] Launching helper process for spawning children vivado processes
INFO: [Synth 8-7075] Helper process launched with PID 22144
WARNING: [Synth 8-6901] identifier 'current_data' is used before its declaration [G:/NERCN_LFP/FPGA_final project/DBS_FPGA/Goertzel_FFT/Goertzel_FFT.srcs/sources_1/new/Goertzel.v:69]
WARNING: [Synth 8-6901] identifier 'current_data' is used before its declaration [G:/NERCN_LFP/FPGA_final project/DBS_FPGA/Goertzel_FFT/Goertzel_FFT.srcs/sources_1/new/Goertzel.v:69]
WARNING: [Synth 8-6901] identifier 'current_data' is used before its declaration [G:/NERCN_LFP/FPGA_final project/DBS_FPGA/Goertzel_FFT/Goertzel_FFT.srcs/sources_1/new/Goertzel.v:70]
WARNING: [Synth 8-6901] identifier 'current_data' is used before its declaration [G:/NERCN_LFP/FPGA_final project/DBS_FPGA/Goertzel_FFT/Goertzel_FFT.srcs/sources_1/new/Goertzel.v:70]
WARNING: [Synth 8-6901] identifier 'current_data' is used before its declaration [G:/NERCN_LFP/FPGA_final project/DBS_FPGA/Goertzel_FFT/Goertzel_FFT.srcs/sources_1/new/Goertzel.v:71]
WARNING: [Synth 8-6901] identifier 'current_data' is used before its declaration [G:/NERCN_LFP/FPGA_final project/DBS_FPGA/Goertzel_FFT/Goertzel_FFT.srcs/sources_1/new/Goertzel.v:71]
---------------------------------------------------------------------------------
Starting RTL Elaboration : Time (s): cpu = 00:00:06 ; elapsed = 00:00:07 . Memory (MB): peak = 1297.387 ; gain = 409.891
---------------------------------------------------------------------------------
INFO: [Synth 8-6157] synthesizing module 'Goertzel' [G:/NERCN_LFP/FPGA_final project/DBS_FPGA/Goertzel_FFT/Goertzel_FFT.srcs/sources_1/new/Goertzel.v:3]
INFO: [Synth 8-6157] synthesizing module 'LFP_read' [G:/NERCN_LFP/FPGA_final project/DBS_FPGA/Goertzel_FFT/Goertzel_FFT.srcs/sources_1/new/LFP_read.v:23]
INFO: [Synth 8-638] synthesizing module 'lfp_bram' [g:/NERCN_LFP/FPGA_final project/DBS_FPGA/Goertzel_FFT/Goertzel_FFT.gen/sources_1/ip/lfp_bram/synth/lfp_bram.vhd:70]
	Parameter C_FAMILY bound to: artix7 - type: string 
	Parameter C_XDEVICEFAMILY bound to: artix7 - type: string 
	Parameter C_ELABORATION_DIR bound to: ./ - type: string 
	Parameter C_INTERFACE_TYPE bound to: 0 - type: integer 
	Parameter C_AXI_TYPE bound to: 1 - type: integer 
	Parameter C_AXI_SLAVE_TYPE bound to: 0 - type: integer 
	Parameter C_USE_BRAM_BLOCK bound to: 0 - type: integer 
	Parameter C_ENABLE_32BIT_ADDRESS bound to: 0 - type: integer 
	Parameter C_CTRL_ECC_ALGO bound to: NONE - type: string 
	Parameter C_HAS_AXI_ID bound to: 0 - type: integer 
	Parameter C_AXI_ID_WIDTH bound to: 4 - type: integer 
	Parameter C_MEM_TYPE bound to: 0 - type: integer 
	Parameter C_BYTE_SIZE bound to: 9 - type: integer 
	Parameter C_ALGORITHM bound to: 1 - type: integer 
	Parameter C_PRIM_TYPE bound to: 1 - type: integer 
	Parameter C_LOAD_INIT_FILE bound to: 1 - type: integer 
	Parameter C_INIT_FILE_NAME bound to: lfp_bram.mif - type: string 
	Parameter C_INIT_FILE bound to: lfp_bram.mem - type: string 
	Parameter C_USE_DEFAULT_DATA bound to: 0 - type: integer 
	Parameter C_DEFAULT_DATA bound to: 0 - type: string 
	Parameter C_HAS_RSTA bound to: 0 - type: integer 
	Parameter C_RST_PRIORITY_A bound to: CE - type: string 
	Parameter C_RSTRAM_A bound to: 0 - type: integer 
	Parameter C_INITA_VAL bound to: 0 - type: string 
	Parameter C_HAS_ENA bound to: 1 - type: integer 
	Parameter C_HAS_REGCEA bound to: 0 - type: integer 
	Parameter C_USE_BYTE_WEA bound to: 0 - type: integer 
	Parameter C_WEA_WIDTH bound to: 1 - type: integer 
	Parameter C_WRITE_MODE_A bound to: NO_CHANGE - type: string 
	Parameter C_WRITE_WIDTH_A bound to: 16 - type: integer 
	Parameter C_READ_WIDTH_A bound to: 16 - type: integer 
	Parameter C_WRITE_DEPTH_A bound to: 1024 - type: integer 
	Parameter C_READ_DEPTH_A bound to: 1024 - type: integer 
	Parameter C_ADDRA_WIDTH bound to: 10 - type: integer 
	Parameter C_HAS_RSTB bound to: 0 - type: integer 
	Parameter C_RST_PRIORITY_B bound to: CE - type: string 
	Parameter C_RSTRAM_B bound to: 0 - type: integer 
	Parameter C_INITB_VAL bound to: 0 - type: string 
	Parameter C_HAS_ENB bound to: 0 - type: integer 
	Parameter C_HAS_REGCEB bound to: 0 - type: integer 
	Parameter C_USE_BYTE_WEB bound to: 0 - type: integer 
	Parameter C_WEB_WIDTH bound to: 1 - type: integer 
	Parameter C_WRITE_MODE_B bound to: WRITE_FIRST - type: string 
	Parameter C_WRITE_WIDTH_B bound to: 16 - type: integer 
	Parameter C_READ_WIDTH_B bound to: 16 - type: integer 
	Parameter C_WRITE_DEPTH_B bound to: 1024 - type: integer 
	Parameter C_READ_DEPTH_B bound to: 1024 - type: integer 
	Parameter C_ADDRB_WIDTH bound to: 10 - type: integer 
	Parameter C_HAS_MEM_OUTPUT_REGS_A bound to: 1 - type: integer 
	Parameter C_HAS_MEM_OUTPUT_REGS_B bound to: 0 - type: integer 
	Parameter C_HAS_MUX_OUTPUT_REGS_A bound to: 0 - type: integer 
	Parameter C_HAS_MUX_OUTPUT_REGS_B bound to: 0 - type: integer 
	Parameter C_MUX_PIPELINE_STAGES bound to: 0 - type: integer 
	Parameter C_HAS_SOFTECC_INPUT_REGS_A bound to: 0 - type: integer 
	Parameter C_HAS_SOFTECC_OUTPUT_REGS_B bound to: 0 - type: integer 
	Parameter C_USE_SOFTECC bound to: 0 - type: integer 
	Parameter C_USE_ECC bound to: 0 - type: integer 
	Parameter C_EN_ECC_PIPE bound to: 0 - type: integer 
	Parameter C_READ_LATENCY_A bound to: 1 - type: integer 
	Parameter C_READ_LATENCY_B bound to: 1 - type: integer 
	Parameter C_HAS_INJECTERR bound to: 0 - type: integer 
	Parameter C_SIM_COLLISION_CHECK bound to: ALL - type: string 
	Parameter C_COMMON_CLK bound to: 0 - type: integer 
	Parameter C_DISABLE_WARN_BHV_COLL bound to: 0 - type: integer 
	Parameter C_EN_SLEEP_PIN bound to: 0 - type: integer 
	Parameter C_USE_URAM bound to: 0 - type: integer 
	Parameter C_EN_RDADDRA_CHG bound to: 0 - type: integer 
	Parameter C_EN_RDADDRB_CHG bound to: 0 - type: integer 
	Parameter C_EN_DEEPSLEEP_PIN bound to: 0 - type: integer 
	Parameter C_EN_SHUTDOWN_PIN bound to: 0 - type: integer 
	Parameter C_EN_SAFETY_CKT bound to: 0 - type: integer 
	Parameter C_DISABLE_WARN_BHV_RANGE bound to: 0 - type: integer 
	Parameter C_COUNT_36K_BRAM bound to: 0 - type: string 
	Parameter C_COUNT_18K_BRAM bound to: 1 - type: string 
	Parameter C_EST_POWER_SUMMARY bound to: Estimated Power for IP     :     1.371299 mW - type: string 
INFO: [Synth 8-3491] module 'blk_mem_gen_v8_4_6' declared at 'g:/NERCN_LFP/FPGA_final project/DBS_FPGA/Goertzel_FFT/Goertzel_FFT.gen/sources_1/ip/lfp_bram/hdl/blk_mem_gen_v8_4_vhsyn_rfs.vhd:195321' bound to instance 'U0' of component 'blk_mem_gen_v8_4_6' [g:/NERCN_LFP/FPGA_final project/DBS_FPGA/Goertzel_FFT/Goertzel_FFT.gen/sources_1/ip/lfp_bram/synth/lfp_bram.vhd:236]
INFO: [Synth 8-256] done synthesizing module 'lfp_bram' (0#1) [g:/NERCN_LFP/FPGA_final project/DBS_FPGA/Goertzel_FFT/Goertzel_FFT.gen/sources_1/ip/lfp_bram/synth/lfp_bram.vhd:70]
INFO: [Synth 8-6155] done synthesizing module 'LFP_read' (0#1) [G:/NERCN_LFP/FPGA_final project/DBS_FPGA/Goertzel_FFT/Goertzel_FFT.srcs/sources_1/new/LFP_read.v:23]
INFO: [Synth 8-6155] done synthesizing module 'Goertzel' (0#1) [G:/NERCN_LFP/FPGA_final project/DBS_FPGA/Goertzel_FFT/Goertzel_FFT.srcs/sources_1/new/Goertzel.v:3]
WARNING: [Synth 8-6014] Unused sequential element s0_22_reg was removed.  [G:/NERCN_LFP/FPGA_final project/DBS_FPGA/Goertzel_FFT/Goertzel_FFT.srcs/sources_1/new/Goertzel.v:145]
WARNING: [Synth 8-6014] Unused sequential element s0_23_reg was removed.  [G:/NERCN_LFP/FPGA_final project/DBS_FPGA/Goertzel_FFT/Goertzel_FFT.srcs/sources_1/new/Goertzel.v:146]
WARNING: [Synth 8-6014] Unused sequential element s0_24_reg was removed.  [G:/NERCN_LFP/FPGA_final project/DBS_FPGA/Goertzel_FFT/Goertzel_FFT.srcs/sources_1/new/Goertzel.v:147]
WARNING: [Synth 8-7137] Register data_buffer_reg[0] in module Goertzel has both Set and reset with same priority. This may cause simulation mismatches. Consider rewriting code  [G:/NERCN_LFP/FPGA_final project/DBS_FPGA/Goertzel_FFT/Goertzel_FFT.srcs/sources_1/new/Goertzel.v:118]
WARNING: [Synth 8-7137] Register data_buffer_reg[1] in module Goertzel has both Set and reset with same priority. This may cause simulation mismatches. Consider rewriting code  [G:/NERCN_LFP/FPGA_final project/DBS_FPGA/Goertzel_FFT/Goertzel_FFT.srcs/sources_1/new/Goertzel.v:118]
WARNING: [Synth 8-7137] Register data_buffer_reg[2] in module Goertzel has both Set and reset with same priority. This may cause simulation mismatches. Consider rewriting code  [G:/NERCN_LFP/FPGA_final project/DBS_FPGA/Goertzel_FFT/Goertzel_FFT.srcs/sources_1/new/Goertzel.v:118]
WARNING: [Synth 8-7137] Register data_buffer_reg[3] in module Goertzel has both Set and reset with same priority. This may cause simulation mismatches. Consider rewriting code  [G:/NERCN_LFP/FPGA_final project/DBS_FPGA/Goertzel_FFT/Goertzel_FFT.srcs/sources_1/new/Goertzel.v:118]
WARNING: [Synth 8-7137] Register data_buffer_reg[4] in module Goertzel has both Set and reset with same priority. This may cause simulation mismatches. Consider rewriting code  [G:/NERCN_LFP/FPGA_final project/DBS_FPGA/Goertzel_FFT/Goertzel_FFT.srcs/sources_1/new/Goertzel.v:118]
WARNING: [Synth 8-7137] Register data_buffer_reg[5] in module Goertzel has both Set and reset with same priority. This may cause simulation mismatches. Consider rewriting code  [G:/NERCN_LFP/FPGA_final project/DBS_FPGA/Goertzel_FFT/Goertzel_FFT.srcs/sources_1/new/Goertzel.v:118]
WARNING: [Synth 8-7137] Register data_buffer_reg[6] in module Goertzel has both Set and reset with same priority. This may cause simulation mismatches. Consider rewriting code  [G:/NERCN_LFP/FPGA_final project/DBS_FPGA/Goertzel_FFT/Goertzel_FFT.srcs/sources_1/new/Goertzel.v:118]
WARNING: [Synth 8-7137] Register data_buffer_reg[7] in module Goertzel has both Set and reset with same priority. This may cause simulation mismatches. Consider rewriting code  [G:/NERCN_LFP/FPGA_final project/DBS_FPGA/Goertzel_FFT/Goertzel_FFT.srcs/sources_1/new/Goertzel.v:118]
WARNING: [Synth 8-7137] Register data_buffer_reg[8] in module Goertzel has both Set and reset with same priority. This may cause simulation mismatches. Consider rewriting code  [G:/NERCN_LFP/FPGA_final project/DBS_FPGA/Goertzel_FFT/Goertzel_FFT.srcs/sources_1/new/Goertzel.v:118]
WARNING: [Synth 8-7137] Register data_buffer_reg[9] in module Goertzel has both Set and reset with same priority. This may cause simulation mismatches. Consider rewriting code  [G:/NERCN_LFP/FPGA_final project/DBS_FPGA/Goertzel_FFT/Goertzel_FFT.srcs/sources_1/new/Goertzel.v:118]
WARNING: [Synth 8-7137] Register data_buffer_reg[10] in module Goertzel has both Set and reset with same priority. This may cause simulation mismatches. Consider rewriting code  [G:/NERCN_LFP/FPGA_final project/DBS_FPGA/Goertzel_FFT/Goertzel_FFT.srcs/sources_1/new/Goertzel.v:118]
WARNING: [Synth 8-7137] Register data_buffer_reg[11] in module Goertzel has both Set and reset with same priority. This may cause simulation mismatches. Consider rewriting code  [G:/NERCN_LFP/FPGA_final project/DBS_FPGA/Goertzel_FFT/Goertzel_FFT.srcs/sources_1/new/Goertzel.v:118]
WARNING: [Synth 8-7137] Register data_buffer_reg[12] in module Goertzel has both Set and reset with same priority. This may cause simulation mismatches. Consider rewriting code  [G:/NERCN_LFP/FPGA_final project/DBS_FPGA/Goertzel_FFT/Goertzel_FFT.srcs/sources_1/new/Goertzel.v:118]
WARNING: [Synth 8-7137] Register data_buffer_reg[13] in module Goertzel has both Set and reset with same priority. This may cause simulation mismatches. Consider rewriting code  [G:/NERCN_LFP/FPGA_final project/DBS_FPGA/Goertzel_FFT/Goertzel_FFT.srcs/sources_1/new/Goertzel.v:118]
WARNING: [Synth 8-7137] Register data_buffer_reg[14] in module Goertzel has both Set and reset with same priority. This may cause simulation mismatches. Consider rewriting code  [G:/NERCN_LFP/FPGA_final project/DBS_FPGA/Goertzel_FFT/Goertzel_FFT.srcs/sources_1/new/Goertzel.v:118]
WARNING: [Synth 8-7137] Register data_buffer_reg[15] in module Goertzel has both Set and reset with same priority. This may cause simulation mismatches. Consider rewriting code  [G:/NERCN_LFP/FPGA_final project/DBS_FPGA/Goertzel_FFT/Goertzel_FFT.srcs/sources_1/new/Goertzel.v:118]
WARNING: [Synth 8-7137] Register data_buffer_reg[16] in module Goertzel has both Set and reset with same priority. This may cause simulation mismatches. Consider rewriting code  [G:/NERCN_LFP/FPGA_final project/DBS_FPGA/Goertzel_FFT/Goertzel_FFT.srcs/sources_1/new/Goertzel.v:118]
WARNING: [Synth 8-7137] Register data_buffer_reg[17] in module Goertzel has both Set and reset with same priority. This may cause simulation mismatches. Consider rewriting code  [G:/NERCN_LFP/FPGA_final project/DBS_FPGA/Goertzel_FFT/Goertzel_FFT.srcs/sources_1/new/Goertzel.v:118]
WARNING: [Synth 8-7137] Register data_buffer_reg[18] in module Goertzel has both Set and reset with same priority. This may cause simulation mismatches. Consider rewriting code  [G:/NERCN_LFP/FPGA_final project/DBS_FPGA/Goertzel_FFT/Goertzel_FFT.srcs/sources_1/new/Goertzel.v:118]
WARNING: [Synth 8-7137] Register data_buffer_reg[19] in module Goertzel has both Set and reset with same priority. This may cause simulation mismatches. Consider rewriting code  [G:/NERCN_LFP/FPGA_final project/DBS_FPGA/Goertzel_FFT/Goertzel_FFT.srcs/sources_1/new/Goertzel.v:118]
WARNING: [Synth 8-7137] Register data_buffer_reg[20] in module Goertzel has both Set and reset with same priority. This may cause simulation mismatches. Consider rewriting code  [G:/NERCN_LFP/FPGA_final project/DBS_FPGA/Goertzel_FFT/Goertzel_FFT.srcs/sources_1/new/Goertzel.v:118]
WARNING: [Synth 8-7137] Register data_buffer_reg[21] in module Goertzel has both Set and reset with same priority. This may cause simulation mismatches. Consider rewriting code  [G:/NERCN_LFP/FPGA_final project/DBS_FPGA/Goertzel_FFT/Goertzel_FFT.srcs/sources_1/new/Goertzel.v:118]
WARNING: [Synth 8-7137] Register data_buffer_reg[22] in module Goertzel has both Set and reset with same priority. This may cause simulation mismatches. Consider rewriting code  [G:/NERCN_LFP/FPGA_final project/DBS_FPGA/Goertzel_FFT/Goertzel_FFT.srcs/sources_1/new/Goertzel.v:118]
WARNING: [Synth 8-7137] Register data_buffer_reg[23] in module Goertzel has both Set and reset with same priority. This may cause simulation mismatches. Consider rewriting code  [G:/NERCN_LFP/FPGA_final project/DBS_FPGA/Goertzel_FFT/Goertzel_FFT.srcs/sources_1/new/Goertzel.v:118]
WARNING: [Synth 8-7137] Register data_buffer_reg[24] in module Goertzel has both Set and reset with same priority. This may cause simulation mismatches. Consider rewriting code  [G:/NERCN_LFP/FPGA_final project/DBS_FPGA/Goertzel_FFT/Goertzel_FFT.srcs/sources_1/new/Goertzel.v:118]
WARNING: [Synth 8-7137] Register data_buffer_reg[25] in module Goertzel has both Set and reset with same priority. This may cause simulation mismatches. Consider rewriting code  [G:/NERCN_LFP/FPGA_final project/DBS_FPGA/Goertzel_FFT/Goertzel_FFT.srcs/sources_1/new/Goertzel.v:118]
WARNING: [Synth 8-7137] Register data_buffer_reg[26] in module Goertzel has both Set and reset with same priority. This may cause simulation mismatches. Consider rewriting code  [G:/NERCN_LFP/FPGA_final project/DBS_FPGA/Goertzel_FFT/Goertzel_FFT.srcs/sources_1/new/Goertzel.v:118]
WARNING: [Synth 8-7137] Register data_buffer_reg[27] in module Goertzel has both Set and reset with same priority. This may cause simulation mismatches. Consider rewriting code  [G:/NERCN_LFP/FPGA_final project/DBS_FPGA/Goertzel_FFT/Goertzel_FFT.srcs/sources_1/new/Goertzel.v:118]
WARNING: [Synth 8-7137] Register data_buffer_reg[28] in module Goertzel has both Set and reset with same priority. This may cause simulation mismatches. Consider rewriting code  [G:/NERCN_LFP/FPGA_final project/DBS_FPGA/Goertzel_FFT/Goertzel_FFT.srcs/sources_1/new/Goertzel.v:118]
WARNING: [Synth 8-7137] Register data_buffer_reg[29] in module Goertzel has both Set and reset with same priority. This may cause simulation mismatches. Consider rewriting code  [G:/NERCN_LFP/FPGA_final project/DBS_FPGA/Goertzel_FFT/Goertzel_FFT.srcs/sources_1/new/Goertzel.v:118]
WARNING: [Synth 8-7137] Register data_buffer_reg[30] in module Goertzel has both Set and reset with same priority. This may cause simulation mismatches. Consider rewriting code  [G:/NERCN_LFP/FPGA_final project/DBS_FPGA/Goertzel_FFT/Goertzel_FFT.srcs/sources_1/new/Goertzel.v:118]
WARNING: [Synth 8-7137] Register data_buffer_reg[31] in module Goertzel has both Set and reset with same priority. This may cause simulation mismatches. Consider rewriting code  [G:/NERCN_LFP/FPGA_final project/DBS_FPGA/Goertzel_FFT/Goertzel_FFT.srcs/sources_1/new/Goertzel.v:118]
WARNING: [Synth 8-7137] Register data_buffer_reg[32] in module Goertzel has both Set and reset with same priority. This may cause simulation mismatches. Consider rewriting code  [G:/NERCN_LFP/FPGA_final project/DBS_FPGA/Goertzel_FFT/Goertzel_FFT.srcs/sources_1/new/Goertzel.v:118]
WARNING: [Synth 8-7137] Register data_buffer_reg[33] in module Goertzel has both Set and reset with same priority. This may cause simulation mismatches. Consider rewriting code  [G:/NERCN_LFP/FPGA_final project/DBS_FPGA/Goertzel_FFT/Goertzel_FFT.srcs/sources_1/new/Goertzel.v:118]
WARNING: [Synth 8-7137] Register data_buffer_reg[34] in module Goertzel has both Set and reset with same priority. This may cause simulation mismatches. Consider rewriting code  [G:/NERCN_LFP/FPGA_final project/DBS_FPGA/Goertzel_FFT/Goertzel_FFT.srcs/sources_1/new/Goertzel.v:118]
WARNING: [Synth 8-7137] Register data_buffer_reg[35] in module Goertzel has both Set and reset with same priority. This may cause simulation mismatches. Consider rewriting code  [G:/NERCN_LFP/FPGA_final project/DBS_FPGA/Goertzel_FFT/Goertzel_FFT.srcs/sources_1/new/Goertzel.v:118]
WARNING: [Synth 8-7137] Register data_buffer_reg[36] in module Goertzel has both Set and reset with same priority. This may cause simulation mismatches. Consider rewriting code  [G:/NERCN_LFP/FPGA_final project/DBS_FPGA/Goertzel_FFT/Goertzel_FFT.srcs/sources_1/new/Goertzel.v:118]
WARNING: [Synth 8-7137] Register data_buffer_reg[37] in module Goertzel has both Set and reset with same priority. This may cause simulation mismatches. Consider rewriting code  [G:/NERCN_LFP/FPGA_final project/DBS_FPGA/Goertzel_FFT/Goertzel_FFT.srcs/sources_1/new/Goertzel.v:118]
WARNING: [Synth 8-7137] Register data_buffer_reg[38] in module Goertzel has both Set and reset with same priority. This may cause simulation mismatches. Consider rewriting code  [G:/NERCN_LFP/FPGA_final project/DBS_FPGA/Goertzel_FFT/Goertzel_FFT.srcs/sources_1/new/Goertzel.v:118]
WARNING: [Synth 8-7137] Register data_buffer_reg[39] in module Goertzel has both Set and reset with same priority. This may cause simulation mismatches. Consider rewriting code  [G:/NERCN_LFP/FPGA_final project/DBS_FPGA/Goertzel_FFT/Goertzel_FFT.srcs/sources_1/new/Goertzel.v:118]
WARNING: [Synth 8-7137] Register data_buffer_reg[40] in module Goertzel has both Set and reset with same priority. This may cause simulation mismatches. Consider rewriting code  [G:/NERCN_LFP/FPGA_final project/DBS_FPGA/Goertzel_FFT/Goertzel_FFT.srcs/sources_1/new/Goertzel.v:118]
WARNING: [Synth 8-7137] Register data_buffer_reg[41] in module Goertzel has both Set and reset with same priority. This may cause simulation mismatches. Consider rewriting code  [G:/NERCN_LFP/FPGA_final project/DBS_FPGA/Goertzel_FFT/Goertzel_FFT.srcs/sources_1/new/Goertzel.v:118]
WARNING: [Synth 8-7137] Register data_buffer_reg[42] in module Goertzel has both Set and reset with same priority. This may cause simulation mismatches. Consider rewriting code  [G:/NERCN_LFP/FPGA_final project/DBS_FPGA/Goertzel_FFT/Goertzel_FFT.srcs/sources_1/new/Goertzel.v:118]
WARNING: [Synth 8-7137] Register data_buffer_reg[43] in module Goertzel has both Set and reset with same priority. This may cause simulation mismatches. Consider rewriting code  [G:/NERCN_LFP/FPGA_final project/DBS_FPGA/Goertzel_FFT/Goertzel_FFT.srcs/sources_1/new/Goertzel.v:118]
WARNING: [Synth 8-7137] Register data_buffer_reg[44] in module Goertzel has both Set and reset with same priority. This may cause simulation mismatches. Consider rewriting code  [G:/NERCN_LFP/FPGA_final project/DBS_FPGA/Goertzel_FFT/Goertzel_FFT.srcs/sources_1/new/Goertzel.v:118]
WARNING: [Synth 8-7137] Register data_buffer_reg[45] in module Goertzel has both Set and reset with same priority. This may cause simulation mismatches. Consider rewriting code  [G:/NERCN_LFP/FPGA_final project/DBS_FPGA/Goertzel_FFT/Goertzel_FFT.srcs/sources_1/new/Goertzel.v:118]
WARNING: [Synth 8-7137] Register data_buffer_reg[46] in module Goertzel has both Set and reset with same priority. This may cause simulation mismatches. Consider rewriting code  [G:/NERCN_LFP/FPGA_final project/DBS_FPGA/Goertzel_FFT/Goertzel_FFT.srcs/sources_1/new/Goertzel.v:118]
WARNING: [Synth 8-7137] Register data_buffer_reg[47] in module Goertzel has both Set and reset with same priority. This may cause simulation mismatches. Consider rewriting code  [G:/NERCN_LFP/FPGA_final project/DBS_FPGA/Goertzel_FFT/Goertzel_FFT.srcs/sources_1/new/Goertzel.v:118]
WARNING: [Synth 8-7137] Register data_buffer_reg[48] in module Goertzel has both Set and reset with same priority. This may cause simulation mismatches. Consider rewriting code  [G:/NERCN_LFP/FPGA_final project/DBS_FPGA/Goertzel_FFT/Goertzel_FFT.srcs/sources_1/new/Goertzel.v:118]
WARNING: [Synth 8-7137] Register data_buffer_reg[49] in module Goertzel has both Set and reset with same priority. This may cause simulation mismatches. Consider rewriting code  [G:/NERCN_LFP/FPGA_final project/DBS_FPGA/Goertzel_FFT/Goertzel_FFT.srcs/sources_1/new/Goertzel.v:118]
WARNING: [Synth 8-7137] Register data_buffer_reg[50] in module Goertzel has both Set and reset with same priority. This may cause simulation mismatches. Consider rewriting code  [G:/NERCN_LFP/FPGA_final project/DBS_FPGA/Goertzel_FFT/Goertzel_FFT.srcs/sources_1/new/Goertzel.v:118]
WARNING: [Synth 8-7137] Register data_buffer_reg[51] in module Goertzel has both Set and reset with same priority. This may cause simulation mismatches. Consider rewriting code  [G:/NERCN_LFP/FPGA_final project/DBS_FPGA/Goertzel_FFT/Goertzel_FFT.srcs/sources_1/new/Goertzel.v:118]
WARNING: [Synth 8-7137] Register data_buffer_reg[52] in module Goertzel has both Set and reset with same priority. This may cause simulation mismatches. Consider rewriting code  [G:/NERCN_LFP/FPGA_final project/DBS_FPGA/Goertzel_FFT/Goertzel_FFT.srcs/sources_1/new/Goertzel.v:118]
WARNING: [Synth 8-7137] Register data_buffer_reg[53] in module Goertzel has both Set and reset with same priority. This may cause simulation mismatches. Consider rewriting code  [G:/NERCN_LFP/FPGA_final project/DBS_FPGA/Goertzel_FFT/Goertzel_FFT.srcs/sources_1/new/Goertzel.v:118]
WARNING: [Synth 8-7137] Register data_buffer_reg[54] in module Goertzel has both Set and reset with same priority. This may cause simulation mismatches. Consider rewriting code  [G:/NERCN_LFP/FPGA_final project/DBS_FPGA/Goertzel_FFT/Goertzel_FFT.srcs/sources_1/new/Goertzel.v:118]
WARNING: [Synth 8-7137] Register data_buffer_reg[55] in module Goertzel has both Set and reset with same priority. This may cause simulation mismatches. Consider rewriting code  [G:/NERCN_LFP/FPGA_final project/DBS_FPGA/Goertzel_FFT/Goertzel_FFT.srcs/sources_1/new/Goertzel.v:118]
WARNING: [Synth 8-7137] Register data_buffer_reg[56] in module Goertzel has both Set and reset with same priority. This may cause simulation mismatches. Consider rewriting code  [G:/NERCN_LFP/FPGA_final project/DBS_FPGA/Goertzel_FFT/Goertzel_FFT.srcs/sources_1/new/Goertzel.v:118]
WARNING: [Synth 8-7137] Register data_buffer_reg[57] in module Goertzel has both Set and reset with same priority. This may cause simulation mismatches. Consider rewriting code  [G:/NERCN_LFP/FPGA_final project/DBS_FPGA/Goertzel_FFT/Goertzel_FFT.srcs/sources_1/new/Goertzel.v:118]
WARNING: [Synth 8-7137] Register data_buffer_reg[58] in module Goertzel has both Set and reset with same priority. This may cause simulation mismatches. Consider rewriting code  [G:/NERCN_LFP/FPGA_final project/DBS_FPGA/Goertzel_FFT/Goertzel_FFT.srcs/sources_1/new/Goertzel.v:118]
WARNING: [Synth 8-7137] Register data_buffer_reg[59] in module Goertzel has both Set and reset with same priority. This may cause simulation mismatches. Consider rewriting code  [G:/NERCN_LFP/FPGA_final project/DBS_FPGA/Goertzel_FFT/Goertzel_FFT.srcs/sources_1/new/Goertzel.v:118]
WARNING: [Synth 8-7137] Register data_buffer_reg[60] in module Goertzel has both Set and reset with same priority. This may cause simulation mismatches. Consider rewriting code  [G:/NERCN_LFP/FPGA_final project/DBS_FPGA/Goertzel_FFT/Goertzel_FFT.srcs/sources_1/new/Goertzel.v:118]
WARNING: [Synth 8-7137] Register data_buffer_reg[61] in module Goertzel has both Set and reset with same priority. This may cause simulation mismatches. Consider rewriting code  [G:/NERCN_LFP/FPGA_final project/DBS_FPGA/Goertzel_FFT/Goertzel_FFT.srcs/sources_1/new/Goertzel.v:118]
WARNING: [Synth 8-7137] Register data_buffer_reg[62] in module Goertzel has both Set and reset with same priority. This may cause simulation mismatches. Consider rewriting code  [G:/NERCN_LFP/FPGA_final project/DBS_FPGA/Goertzel_FFT/Goertzel_FFT.srcs/sources_1/new/Goertzel.v:118]
WARNING: [Synth 8-7137] Register data_buffer_reg[63] in module Goertzel has both Set and reset with same priority. This may cause simulation mismatches. Consider rewriting code  [G:/NERCN_LFP/FPGA_final project/DBS_FPGA/Goertzel_FFT/Goertzel_FFT.srcs/sources_1/new/Goertzel.v:118]
WARNING: [Synth 8-7137] Register data_buffer_reg[64] in module Goertzel has both Set and reset with same priority. This may cause simulation mismatches. Consider rewriting code  [G:/NERCN_LFP/FPGA_final project/DBS_FPGA/Goertzel_FFT/Goertzel_FFT.srcs/sources_1/new/Goertzel.v:118]
WARNING: [Synth 8-7137] Register data_buffer_reg[65] in module Goertzel has both Set and reset with same priority. This may cause simulation mismatches. Consider rewriting code  [G:/NERCN_LFP/FPGA_final project/DBS_FPGA/Goertzel_FFT/Goertzel_FFT.srcs/sources_1/new/Goertzel.v:118]
WARNING: [Synth 8-7137] Register data_buffer_reg[66] in module Goertzel has both Set and reset with same priority. This may cause simulation mismatches. Consider rewriting code  [G:/NERCN_LFP/FPGA_final project/DBS_FPGA/Goertzel_FFT/Goertzel_FFT.srcs/sources_1/new/Goertzel.v:118]
WARNING: [Synth 8-7137] Register data_buffer_reg[67] in module Goertzel has both Set and reset with same priority. This may cause simulation mismatches. Consider rewriting code  [G:/NERCN_LFP/FPGA_final project/DBS_FPGA/Goertzel_FFT/Goertzel_FFT.srcs/sources_1/new/Goertzel.v:118]
WARNING: [Synth 8-7137] Register data_buffer_reg[68] in module Goertzel has both Set and reset with same priority. This may cause simulation mismatches. Consider rewriting code  [G:/NERCN_LFP/FPGA_final project/DBS_FPGA/Goertzel_FFT/Goertzel_FFT.srcs/sources_1/new/Goertzel.v:118]
WARNING: [Synth 8-7137] Register data_buffer_reg[69] in module Goertzel has both Set and reset with same priority. This may cause simulation mismatches. Consider rewriting code  [G:/NERCN_LFP/FPGA_final project/DBS_FPGA/Goertzel_FFT/Goertzel_FFT.srcs/sources_1/new/Goertzel.v:118]
WARNING: [Synth 8-7137] Register data_buffer_reg[70] in module Goertzel has both Set and reset with same priority. This may cause simulation mismatches. Consider rewriting code  [G:/NERCN_LFP/FPGA_final project/DBS_FPGA/Goertzel_FFT/Goertzel_FFT.srcs/sources_1/new/Goertzel.v:118]
WARNING: [Synth 8-7137] Register data_buffer_reg[71] in module Goertzel has both Set and reset with same priority. This may cause simulation mismatches. Consider rewriting code  [G:/NERCN_LFP/FPGA_final project/DBS_FPGA/Goertzel_FFT/Goertzel_FFT.srcs/sources_1/new/Goertzel.v:118]
WARNING: [Synth 8-7137] Register data_buffer_reg[72] in module Goertzel has both Set and reset with same priority. This may cause simulation mismatches. Consider rewriting code  [G:/NERCN_LFP/FPGA_final project/DBS_FPGA/Goertzel_FFT/Goertzel_FFT.srcs/sources_1/new/Goertzel.v:118]
WARNING: [Synth 8-7137] Register data_buffer_reg[73] in module Goertzel has both Set and reset with same priority. This may cause simulation mismatches. Consider rewriting code  [G:/NERCN_LFP/FPGA_final project/DBS_FPGA/Goertzel_FFT/Goertzel_FFT.srcs/sources_1/new/Goertzel.v:118]
WARNING: [Synth 8-7137] Register data_buffer_reg[74] in module Goertzel has both Set and reset with same priority. This may cause simulation mismatches. Consider rewriting code  [G:/NERCN_LFP/FPGA_final project/DBS_FPGA/Goertzel_FFT/Goertzel_FFT.srcs/sources_1/new/Goertzel.v:118]
WARNING: [Synth 8-7137] Register data_buffer_reg[75] in module Goertzel has both Set and reset with same priority. This may cause simulation mismatches. Consider rewriting code  [G:/NERCN_LFP/FPGA_final project/DBS_FPGA/Goertzel_FFT/Goertzel_FFT.srcs/sources_1/new/Goertzel.v:118]
WARNING: [Synth 8-7137] Register data_buffer_reg[76] in module Goertzel has both Set and reset with same priority. This may cause simulation mismatches. Consider rewriting code  [G:/NERCN_LFP/FPGA_final project/DBS_FPGA/Goertzel_FFT/Goertzel_FFT.srcs/sources_1/new/Goertzel.v:118]
WARNING: [Synth 8-7137] Register data_buffer_reg[77] in module Goertzel has both Set and reset with same priority. This may cause simulation mismatches. Consider rewriting code  [G:/NERCN_LFP/FPGA_final project/DBS_FPGA/Goertzel_FFT/Goertzel_FFT.srcs/sources_1/new/Goertzel.v:118]
WARNING: [Synth 8-7137] Register data_buffer_reg[78] in module Goertzel has both Set and reset with same priority. This may cause simulation mismatches. Consider rewriting code  [G:/NERCN_LFP/FPGA_final project/DBS_FPGA/Goertzel_FFT/Goertzel_FFT.srcs/sources_1/new/Goertzel.v:118]
WARNING: [Synth 8-7137] Register data_buffer_reg[79] in module Goertzel has both Set and reset with same priority. This may cause simulation mismatches. Consider rewriting code  [G:/NERCN_LFP/FPGA_final project/DBS_FPGA/Goertzel_FFT/Goertzel_FFT.srcs/sources_1/new/Goertzel.v:118]
WARNING: [Synth 8-7137] Register data_buffer_reg[80] in module Goertzel has both Set and reset with same priority. This may cause simulation mismatches. Consider rewriting code  [G:/NERCN_LFP/FPGA_final project/DBS_FPGA/Goertzel_FFT/Goertzel_FFT.srcs/sources_1/new/Goertzel.v:118]
WARNING: [Synth 8-7137] Register data_buffer_reg[81] in module Goertzel has both Set and reset with same priority. This may cause simulation mismatches. Consider rewriting code  [G:/NERCN_LFP/FPGA_final project/DBS_FPGA/Goertzel_FFT/Goertzel_FFT.srcs/sources_1/new/Goertzel.v:118]
WARNING: [Synth 8-7137] Register data_buffer_reg[82] in module Goertzel has both Set and reset with same priority. This may cause simulation mismatches. Consider rewriting code  [G:/NERCN_LFP/FPGA_final project/DBS_FPGA/Goertzel_FFT/Goertzel_FFT.srcs/sources_1/new/Goertzel.v:118]
WARNING: [Synth 8-7137] Register data_buffer_reg[83] in module Goertzel has both Set and reset with same priority. This may cause simulation mismatches. Consider rewriting code  [G:/NERCN_LFP/FPGA_final project/DBS_FPGA/Goertzel_FFT/Goertzel_FFT.srcs/sources_1/new/Goertzel.v:118]
WARNING: [Synth 8-7137] Register data_buffer_reg[84] in module Goertzel has both Set and reset with same priority. This may cause simulation mismatches. Consider rewriting code  [G:/NERCN_LFP/FPGA_final project/DBS_FPGA/Goertzel_FFT/Goertzel_FFT.srcs/sources_1/new/Goertzel.v:118]
WARNING: [Synth 8-7137] Register data_buffer_reg[85] in module Goertzel has both Set and reset with same priority. This may cause simulation mismatches. Consider rewriting code  [G:/NERCN_LFP/FPGA_final project/DBS_FPGA/Goertzel_FFT/Goertzel_FFT.srcs/sources_1/new/Goertzel.v:118]
WARNING: [Synth 8-7137] Register data_buffer_reg[86] in module Goertzel has both Set and reset with same priority. This may cause simulation mismatches. Consider rewriting code  [G:/NERCN_LFP/FPGA_final project/DBS_FPGA/Goertzel_FFT/Goertzel_FFT.srcs/sources_1/new/Goertzel.v:118]
WARNING: [Synth 8-7137] Register data_buffer_reg[87] in module Goertzel has both Set and reset with same priority. This may cause simulation mismatches. Consider rewriting code  [G:/NERCN_LFP/FPGA_final project/DBS_FPGA/Goertzel_FFT/Goertzel_FFT.srcs/sources_1/new/Goertzel.v:118]
WARNING: [Synth 8-7137] Register data_buffer_reg[88] in module Goertzel has both Set and reset with same priority. This may cause simulation mismatches. Consider rewriting code  [G:/NERCN_LFP/FPGA_final project/DBS_FPGA/Goertzel_FFT/Goertzel_FFT.srcs/sources_1/new/Goertzel.v:118]
WARNING: [Synth 8-7137] Register data_buffer_reg[89] in module Goertzel has both Set and reset with same priority. This may cause simulation mismatches. Consider rewriting code  [G:/NERCN_LFP/FPGA_final project/DBS_FPGA/Goertzel_FFT/Goertzel_FFT.srcs/sources_1/new/Goertzel.v:118]
WARNING: [Synth 8-7137] Register data_buffer_reg[90] in module Goertzel has both Set and reset with same priority. This may cause simulation mismatches. Consider rewriting code  [G:/NERCN_LFP/FPGA_final project/DBS_FPGA/Goertzel_FFT/Goertzel_FFT.srcs/sources_1/new/Goertzel.v:118]
WARNING: [Synth 8-7137] Register data_buffer_reg[91] in module Goertzel has both Set and reset with same priority. This may cause simulation mismatches. Consider rewriting code  [G:/NERCN_LFP/FPGA_final project/DBS_FPGA/Goertzel_FFT/Goertzel_FFT.srcs/sources_1/new/Goertzel.v:118]
WARNING: [Synth 8-7137] Register data_buffer_reg[92] in module Goertzel has both Set and reset with same priority. This may cause simulation mismatches. Consider rewriting code  [G:/NERCN_LFP/FPGA_final project/DBS_FPGA/Goertzel_FFT/Goertzel_FFT.srcs/sources_1/new/Goertzel.v:118]
WARNING: [Synth 8-7137] Register data_buffer_reg[93] in module Goertzel has both Set and reset with same priority. This may cause simulation mismatches. Consider rewriting code  [G:/NERCN_LFP/FPGA_final project/DBS_FPGA/Goertzel_FFT/Goertzel_FFT.srcs/sources_1/new/Goertzel.v:118]
WARNING: [Synth 8-7137] Register data_buffer_reg[94] in module Goertzel has both Set and reset with same priority. This may cause simulation mismatches. Consider rewriting code  [G:/NERCN_LFP/FPGA_final project/DBS_FPGA/Goertzel_FFT/Goertzel_FFT.srcs/sources_1/new/Goertzel.v:118]
WARNING: [Synth 8-7137] Register data_buffer_reg[95] in module Goertzel has both Set and reset with same priority. This may cause simulation mismatches. Consider rewriting code  [G:/NERCN_LFP/FPGA_final project/DBS_FPGA/Goertzel_FFT/Goertzel_FFT.srcs/sources_1/new/Goertzel.v:118]
WARNING: [Synth 8-7137] Register data_buffer_reg[96] in module Goertzel has both Set and reset with same priority. This may cause simulation mismatches. Consider rewriting code  [G:/NERCN_LFP/FPGA_final project/DBS_FPGA/Goertzel_FFT/Goertzel_FFT.srcs/sources_1/new/Goertzel.v:118]
WARNING: [Synth 8-7137] Register data_buffer_reg[97] in module Goertzel has both Set and reset with same priority. This may cause simulation mismatches. Consider rewriting code  [G:/NERCN_LFP/FPGA_final project/DBS_FPGA/Goertzel_FFT/Goertzel_FFT.srcs/sources_1/new/Goertzel.v:118]
WARNING: [Synth 8-7137] Register data_buffer_reg[98] in module Goertzel has both Set and reset with same priority. This may cause simulation mismatches. Consider rewriting code  [G:/NERCN_LFP/FPGA_final project/DBS_FPGA/Goertzel_FFT/Goertzel_FFT.srcs/sources_1/new/Goertzel.v:118]
WARNING: [Synth 8-7137] Register data_buffer_reg[99] in module Goertzel has both Set and reset with same priority. This may cause simulation mismatches. Consider rewriting code  [G:/NERCN_LFP/FPGA_final project/DBS_FPGA/Goertzel_FFT/Goertzel_FFT.srcs/sources_1/new/Goertzel.v:118]
INFO: [Common 17-14] Message 'Synth 8-7137' appears 100 times and further instances of the messages will be disabled. Use the Tcl command set_msg_config to change the current settings.
WARNING: [Synth 8-7129] Port CLKB in module blk_mem_output_block is either unconnected or has no load
WARNING: [Synth 8-7129] Port DOUTB_I[15] in module blk_mem_output_block is either unconnected or has no load
WARNING: [Synth 8-7129] Port DOUTB_I[14] in module blk_mem_output_block is either unconnected or has no load
WARNING: [Synth 8-7129] Port DOUTB_I[13] in module blk_mem_output_block is either unconnected or has no load
WARNING: [Synth 8-7129] Port DOUTB_I[12] in module blk_mem_output_block is either unconnected or has no load
WARNING: [Synth 8-7129] Port DOUTB_I[11] in module blk_mem_output_block is either unconnected or has no load
WARNING: [Synth 8-7129] Port DOUTB_I[10] in module blk_mem_output_block is either unconnected or has no load
WARNING: [Synth 8-7129] Port DOUTB_I[9] in module blk_mem_output_block is either unconnected or has no load
WARNING: [Synth 8-7129] Port DOUTB_I[8] in module blk_mem_output_block is either unconnected or has no load
WARNING: [Synth 8-7129] Port DOUTB_I[7] in module blk_mem_output_block is either unconnected or has no load
WARNING: [Synth 8-7129] Port DOUTB_I[6] in module blk_mem_output_block is either unconnected or has no load
WARNING: [Synth 8-7129] Port DOUTB_I[5] in module blk_mem_output_block is either unconnected or has no load
WARNING: [Synth 8-7129] Port DOUTB_I[4] in module blk_mem_output_block is either unconnected or has no load
WARNING: [Synth 8-7129] Port DOUTB_I[3] in module blk_mem_output_block is either unconnected or has no load
WARNING: [Synth 8-7129] Port DOUTB_I[2] in module blk_mem_output_block is either unconnected or has no load
WARNING: [Synth 8-7129] Port DOUTB_I[1] in module blk_mem_output_block is either unconnected or has no load
WARNING: [Synth 8-7129] Port DOUTB_I[0] in module blk_mem_output_block is either unconnected or has no load
WARNING: [Synth 8-7129] Port SBITERR_I in module blk_mem_output_block is either unconnected or has no load
WARNING: [Synth 8-7129] Port DBITERR_I in module blk_mem_output_block is either unconnected or has no load
WARNING: [Synth 8-7129] Port RDADDRECC_I[9] in module blk_mem_output_block is either unconnected or has no load
WARNING: [Synth 8-7129] Port RDADDRECC_I[8] in module blk_mem_output_block is either unconnected or has no load
WARNING: [Synth 8-7129] Port RDADDRECC_I[7] in module blk_mem_output_block is either unconnected or has no load
WARNING: [Synth 8-7129] Port RDADDRECC_I[6] in module blk_mem_output_block is either unconnected or has no load
WARNING: [Synth 8-7129] Port RDADDRECC_I[5] in module blk_mem_output_block is either unconnected or has no load
WARNING: [Synth 8-7129] Port RDADDRECC_I[4] in module blk_mem_output_block is either unconnected or has no load
WARNING: [Synth 8-7129] Port RDADDRECC_I[3] in module blk_mem_output_block is either unconnected or has no load
WARNING: [Synth 8-7129] Port RDADDRECC_I[2] in module blk_mem_output_block is either unconnected or has no load
WARNING: [Synth 8-7129] Port RDADDRECC_I[1] in module blk_mem_output_block is either unconnected or has no load
WARNING: [Synth 8-7129] Port RDADDRECC_I[0] in module blk_mem_output_block is either unconnected or has no load
WARNING: [Synth 8-7129] Port DOUTB[17] in module blk_mem_gen_prim_wrapper_init is either unconnected or has no load
WARNING: [Synth 8-7129] Port DOUTB[16] in module blk_mem_gen_prim_wrapper_init is either unconnected or has no load
WARNING: [Synth 8-7129] Port DOUTB[15] in module blk_mem_gen_prim_wrapper_init is either unconnected or has no load
WARNING: [Synth 8-7129] Port DOUTB[14] in module blk_mem_gen_prim_wrapper_init is either unconnected or has no load
WARNING: [Synth 8-7129] Port DOUTB[13] in module blk_mem_gen_prim_wrapper_init is either unconnected or has no load
WARNING: [Synth 8-7129] Port DOUTB[12] in module blk_mem_gen_prim_wrapper_init is either unconnected or has no load
WARNING: [Synth 8-7129] Port DOUTB[11] in module blk_mem_gen_prim_wrapper_init is either unconnected or has no load
WARNING: [Synth 8-7129] Port DOUTB[10] in module blk_mem_gen_prim_wrapper_init is either unconnected or has no load
WARNING: [Synth 8-7129] Port DOUTB[9] in module blk_mem_gen_prim_wrapper_init is either unconnected or has no load
WARNING: [Synth 8-7129] Port DOUTB[8] in module blk_mem_gen_prim_wrapper_init is either unconnected or has no load
WARNING: [Synth 8-7129] Port DOUTB[7] in module blk_mem_gen_prim_wrapper_init is either unconnected or has no load
WARNING: [Synth 8-7129] Port DOUTB[6] in module blk_mem_gen_prim_wrapper_init is either unconnected or has no load
WARNING: [Synth 8-7129] Port DOUTB[5] in module blk_mem_gen_prim_wrapper_init is either unconnected or has no load
WARNING: [Synth 8-7129] Port DOUTB[4] in module blk_mem_gen_prim_wrapper_init is either unconnected or has no load
WARNING: [Synth 8-7129] Port DOUTB[3] in module blk_mem_gen_prim_wrapper_init is either unconnected or has no load
WARNING: [Synth 8-7129] Port DOUTB[2] in module blk_mem_gen_prim_wrapper_init is either unconnected or has no load
WARNING: [Synth 8-7129] Port DOUTB[1] in module blk_mem_gen_prim_wrapper_init is either unconnected or has no load
WARNING: [Synth 8-7129] Port DOUTB[0] in module blk_mem_gen_prim_wrapper_init is either unconnected or has no load
WARNING: [Synth 8-7129] Port SBITERR in module blk_mem_gen_prim_wrapper_init is either unconnected or has no load
WARNING: [Synth 8-7129] Port DBITERR in module blk_mem_gen_prim_wrapper_init is either unconnected or has no load
WARNING: [Synth 8-7129] Port SSRA in module blk_mem_gen_prim_wrapper_init is either unconnected or has no load
WARNING: [Synth 8-7129] Port CLKB in module blk_mem_gen_prim_wrapper_init is either unconnected or has no load
WARNING: [Synth 8-7129] Port SSRB in module blk_mem_gen_prim_wrapper_init is either unconnected or has no load
WARNING: [Synth 8-7129] Port ENB in module blk_mem_gen_prim_wrapper_init is either unconnected or has no load
WARNING: [Synth 8-7129] Port REGCEB in module blk_mem_gen_prim_wrapper_init is either unconnected or has no load
WARNING: [Synth 8-7129] Port WEB[0] in module blk_mem_gen_prim_wrapper_init is either unconnected or has no load
WARNING: [Synth 8-7129] Port ADDRB[9] in module blk_mem_gen_prim_wrapper_init is either unconnected or has no load
WARNING: [Synth 8-7129] Port ADDRB[8] in module blk_mem_gen_prim_wrapper_init is either unconnected or has no load
WARNING: [Synth 8-7129] Port ADDRB[7] in module blk_mem_gen_prim_wrapper_init is either unconnected or has no load
WARNING: [Synth 8-7129] Port ADDRB[6] in module blk_mem_gen_prim_wrapper_init is either unconnected or has no load
WARNING: [Synth 8-7129] Port ADDRB[5] in module blk_mem_gen_prim_wrapper_init is either unconnected or has no load
WARNING: [Synth 8-7129] Port ADDRB[4] in module blk_mem_gen_prim_wrapper_init is either unconnected or has no load
WARNING: [Synth 8-7129] Port ADDRB[3] in module blk_mem_gen_prim_wrapper_init is either unconnected or has no load
WARNING: [Synth 8-7129] Port ADDRB[2] in module blk_mem_gen_prim_wrapper_init is either unconnected or has no load
WARNING: [Synth 8-7129] Port ADDRB[1] in module blk_mem_gen_prim_wrapper_init is either unconnected or has no load
WARNING: [Synth 8-7129] Port ADDRB[0] in module blk_mem_gen_prim_wrapper_init is either unconnected or has no load
WARNING: [Synth 8-7129] Port DINB[17] in module blk_mem_gen_prim_wrapper_init is either unconnected or has no load
WARNING: [Synth 8-7129] Port DINB[16] in module blk_mem_gen_prim_wrapper_init is either unconnected or has no load
WARNING: [Synth 8-7129] Port DINB[15] in module blk_mem_gen_prim_wrapper_init is either unconnected or has no load
WARNING: [Synth 8-7129] Port DINB[14] in module blk_mem_gen_prim_wrapper_init is either unconnected or has no load
WARNING: [Synth 8-7129] Port DINB[13] in module blk_mem_gen_prim_wrapper_init is either unconnected or has no load
WARNING: [Synth 8-7129] Port DINB[12] in module blk_mem_gen_prim_wrapper_init is either unconnected or has no load
WARNING: [Synth 8-7129] Port DINB[11] in module blk_mem_gen_prim_wrapper_init is either unconnected or has no load
WARNING: [Synth 8-7129] Port DINB[10] in module blk_mem_gen_prim_wrapper_init is either unconnected or has no load
WARNING: [Synth 8-7129] Port DINB[9] in module blk_mem_gen_prim_wrapper_init is either unconnected or has no load
WARNING: [Synth 8-7129] Port DINB[8] in module blk_mem_gen_prim_wrapper_init is either unconnected or has no load
WARNING: [Synth 8-7129] Port DINB[7] in module blk_mem_gen_prim_wrapper_init is either unconnected or has no load
WARNING: [Synth 8-7129] Port DINB[6] in module blk_mem_gen_prim_wrapper_init is either unconnected or has no load
WARNING: [Synth 8-7129] Port DINB[5] in module blk_mem_gen_prim_wrapper_init is either unconnected or has no load
WARNING: [Synth 8-7129] Port DINB[4] in module blk_mem_gen_prim_wrapper_init is either unconnected or has no load
WARNING: [Synth 8-7129] Port DINB[3] in module blk_mem_gen_prim_wrapper_init is either unconnected or has no load
WARNING: [Synth 8-7129] Port DINB[2] in module blk_mem_gen_prim_wrapper_init is either unconnected or has no load
WARNING: [Synth 8-7129] Port DINB[1] in module blk_mem_gen_prim_wrapper_init is either unconnected or has no load
WARNING: [Synth 8-7129] Port DINB[0] in module blk_mem_gen_prim_wrapper_init is either unconnected or has no load
WARNING: [Synth 8-7129] Port SLEEP in module blk_mem_gen_prim_wrapper_init is either unconnected or has no load
WARNING: [Synth 8-7129] Port INJECTSBITERR in module blk_mem_gen_prim_wrapper_init is either unconnected or has no load
WARNING: [Synth 8-7129] Port INJECTDBITERR in module blk_mem_gen_prim_wrapper_init is either unconnected or has no load
WARNING: [Synth 8-7129] Port ECCPIPECE in module blk_mem_gen_prim_wrapper_init is either unconnected or has no load
WARNING: [Synth 8-7129] Port ram_rstram_b in module blk_mem_gen_prim_wrapper_init is either unconnected or has no load
WARNING: [Synth 8-7129] Port ram_rstreg_b in module blk_mem_gen_prim_wrapper_init is either unconnected or has no load
WARNING: [Synth 8-7129] Port RSTA[0] in module blk_mem_gen_generic_cstr is either unconnected or has no load
WARNING: [Synth 8-7129] Port WEA[1] in module blk_mem_gen_generic_cstr is either unconnected or has no load
WARNING: [Synth 8-7129] Port REGCEB[0] in module blk_mem_gen_generic_cstr is either unconnected or has no load
WARNING: [Synth 8-7129] Port WEB[1] in module blk_mem_gen_generic_cstr is either unconnected or has no load
WARNING: [Synth 8-7129] Port INJECTSBITERR in module blk_mem_gen_generic_cstr is either unconnected or has no load
WARNING: [Synth 8-7129] Port INJECTDBITERR in module blk_mem_gen_generic_cstr is either unconnected or has no load
WARNING: [Synth 8-7129] Port RSTA in module blk_mem_input_block is either unconnected or has no load
WARNING: [Synth 8-7129] Port REGCEA in module blk_mem_input_block is either unconnected or has no load
WARNING: [Synth 8-7129] Port CLKB in module blk_mem_input_block is either unconnected or has no load
WARNING: [Synth 8-7129] Port RSTB in module blk_mem_input_block is either unconnected or has no load
WARNING: [Synth 8-7129] Port ENB in module blk_mem_input_block is either unconnected or has no load
INFO: [Common 17-14] Message 'Synth 8-7129' appears 100 times and further instances of the messages will be disabled. Use the Tcl command set_msg_config to change the current settings.
---------------------------------------------------------------------------------
Finished RTL Elaboration : Time (s): cpu = 00:00:18 ; elapsed = 00:00:23 . Memory (MB): peak = 1626.910 ; gain = 739.414
---------------------------------------------------------------------------------
---------------------------------------------------------------------------------
Start Handling Custom Attributes
---------------------------------------------------------------------------------
---------------------------------------------------------------------------------
Finished Handling Custom Attributes : Time (s): cpu = 00:00:18 ; elapsed = 00:00:23 . Memory (MB): peak = 1626.910 ; gain = 739.414
---------------------------------------------------------------------------------
---------------------------------------------------------------------------------
Finished RTL Optimization Phase 1 : Time (s): cpu = 00:00:18 ; elapsed = 00:00:23 . Memory (MB): peak = 1626.910 ; gain = 739.414
---------------------------------------------------------------------------------
Netlist sorting complete. Time (s): cpu = 00:00:00 ; elapsed = 00:00:00.191 . Memory (MB): peak = 1626.910 ; gain = 0.000
INFO: [Netlist 29-17] Analyzing 1 Unisim elements for replacement
INFO: [Netlist 29-28] Unisim Transformation completed in 0 CPU seconds
INFO: [Project 1-570] Preparing netlist for logic optimization

Processing XDC Constraints
Initializing timing engine
Parsing XDC File [G:/NERCN_LFP/FPGA_final project/DBS_FPGA/Goertzel_FFT/Goertzel_FFT.runs/synth_1/dont_touch.xdc]
Finished Parsing XDC File [G:/NERCN_LFP/FPGA_final project/DBS_FPGA/Goertzel_FFT/Goertzel_FFT.runs/synth_1/dont_touch.xdc]
Completed Processing XDC Constraints

Netlist sorting complete. Time (s): cpu = 00:00:00 ; elapsed = 00:00:00.004 . Memory (MB): peak = 1709.090 ; gain = 0.000
INFO: [Project 1-111] Unisim Transformation Summary:
No Unisim elements were transformed.

Constraint Validation Runtime : Time (s): cpu = 00:00:00 ; elapsed = 00:00:00.097 . Memory (MB): peak = 1709.090 ; gain = 0.000
---------------------------------------------------------------------------------
Finished Constraint Validation : Time (s): cpu = 00:00:26 ; elapsed = 00:00:33 . Memory (MB): peak = 1709.090 ; gain = 821.594
---------------------------------------------------------------------------------
---------------------------------------------------------------------------------
Start Loading Part and Timing Information
---------------------------------------------------------------------------------
Loading part: xc7a100tfgg484-2
---------------------------------------------------------------------------------
Finished Loading Part and Timing Information : Time (s): cpu = 00:00:26 ; elapsed = 00:00:33 . Memory (MB): peak = 1709.090 ; gain = 821.594
---------------------------------------------------------------------------------
---------------------------------------------------------------------------------
Start Applying 'set_property' XDC Constraints
---------------------------------------------------------------------------------
Applied set_property KEEP_HIERARCHY = SOFT for u_lfp_read/bram_inst2. (constraint file  auto generated constraint).
---------------------------------------------------------------------------------
Finished applying 'set_property' XDC Constraints : Time (s): cpu = 00:00:26 ; elapsed = 00:00:33 . Memory (MB): peak = 1709.090 ; gain = 821.594
---------------------------------------------------------------------------------
INFO: [Synth 8-802] inferred FSM for state register 'state_reg' in module 'Goertzel'
---------------------------------------------------------------------------------------------------
                   State |                     New Encoding |                Previous Encoding 
---------------------------------------------------------------------------------------------------
                    IDLE |                              000 |                              000
                SAMPLING |                              001 |                              010
                 COMPUTE |                              010 |                              011
               CALCULATE |                              011 |                              100
                COMPLETE |                              100 |                              101
---------------------------------------------------------------------------------------------------
INFO: [Synth 8-3354] encoded FSM with state register 'state_reg' using encoding 'sequential' in module 'Goertzel'
---------------------------------------------------------------------------------
Finished RTL Optimization Phase 2 : Time (s): cpu = 00:00:33 ; elapsed = 00:00:45 . Memory (MB): peak = 1709.090 ; gain = 821.594
---------------------------------------------------------------------------------
---------------------------------------------------------------------------------
Start RTL Component Statistics 
---------------------------------------------------------------------------------
Detailed RTL Component Info : 
+---Adders : 
	   2 Input   80 Bit       Adders := 3     
	   4 Input   42 Bit       Adders := 3     
	   2 Input   42 Bit       Adders := 3     
	   3 Input   42 Bit       Adders := 3     
	   2 Input   10 Bit       Adders := 4     
+---Registers : 
	               80 Bit    Registers := 3     
	               53 Bit    Registers := 3     
	               42 Bit    Registers := 12    
	               16 Bit    Registers := 1026  
	               10 Bit    Registers := 3     
	                1 Bit    Registers := 5     
+---Multipliers : 
	              42x42  Multipliers := 6     
	              16x42  Multipliers := 3     
	              15x42  Multipliers := 6     
	              14x42  Multipliers := 6     
+---Muxes : 
	   5 Input   42 Bit        Muxes := 6     
	   5 Input   16 Bit        Muxes := 1     
	   5 Input   10 Bit        Muxes := 2     
	   5 Input    3 Bit        Muxes := 1     
	   2 Input    1 Bit        Muxes := 12    
	   5 Input    1 Bit        Muxes := 11    
---------------------------------------------------------------------------------
Finished RTL Component Statistics 
---------------------------------------------------------------------------------
---------------------------------------------------------------------------------
Start Part Resource Summary
---------------------------------------------------------------------------------
Part Resources:
DSPs: 240 (col length:80)
BRAMs: 270 (col length: RAMB18 80 RAMB36 40)
---------------------------------------------------------------------------------
Finished Part Resource Summary
---------------------------------------------------------------------------------
---------------------------------------------------------------------------------
Start Cross Boundary and Area Optimization
---------------------------------------------------------------------------------
WARNING: [Synth 8-7080] Parallel synthesis criteria is not met
DSP Report: Generating DSP sq_sum_241, operation Mode is: A*B.
DSP Report: operator sq_sum_241 is absorbed into DSP sq_sum_241.
DSP Report: operator sq_sum_241 is absorbed into DSP sq_sum_241.
DSP Report: Generating DSP sq_sum_241, operation Mode is: A*B.
DSP Report: operator sq_sum_241 is absorbed into DSP sq_sum_241.
DSP Report: operator sq_sum_241 is absorbed into DSP sq_sum_241.
DSP Report: Generating DSP sq_sum_241, operation Mode is: (PCIN>>17)+A*B.
DSP Report: operator sq_sum_241 is absorbed into DSP sq_sum_241.
DSP Report: operator sq_sum_241 is absorbed into DSP sq_sum_241.
DSP Report: Generating DSP sq_sum_241, operation Mode is: A*B.
DSP Report: operator sq_sum_241 is absorbed into DSP sq_sum_241.
DSP Report: operator sq_sum_241 is absorbed into DSP sq_sum_241.
DSP Report: Generating DSP sq_sum_241, operation Mode is: (PCIN>>17)+A*B.
DSP Report: operator sq_sum_241 is absorbed into DSP sq_sum_241.
DSP Report: operator sq_sum_241 is absorbed into DSP sq_sum_241.
DSP Report: Generating DSP sq_sum_241, operation Mode is: A*B.
DSP Report: operator sq_sum_241 is absorbed into DSP sq_sum_241.
DSP Report: operator sq_sum_241 is absorbed into DSP sq_sum_241.
DSP Report: Generating DSP sq_sum_241, operation Mode is: A*B.
DSP Report: operator sq_sum_241 is absorbed into DSP sq_sum_241.
DSP Report: operator sq_sum_241 is absorbed into DSP sq_sum_241.
DSP Report: Generating DSP sq_sum_241, operation Mode is: (PCIN>>17)+A*B.
DSP Report: operator sq_sum_241 is absorbed into DSP sq_sum_241.
DSP Report: operator sq_sum_241 is absorbed into DSP sq_sum_241.
DSP Report: Generating DSP sq_sum_241, operation Mode is: A*B.
DSP Report: operator sq_sum_241 is absorbed into DSP sq_sum_241.
DSP Report: operator sq_sum_241 is absorbed into DSP sq_sum_241.
DSP Report: Generating DSP sq_sum_241, operation Mode is: (PCIN>>17)+A*B.
DSP Report: operator sq_sum_241 is absorbed into DSP sq_sum_241.
DSP Report: operator sq_sum_241 is absorbed into DSP sq_sum_241.
DSP Report: Generating DSP sq_sum_231, operation Mode is: A*B.
DSP Report: operator sq_sum_231 is absorbed into DSP sq_sum_231.
DSP Report: operator sq_sum_231 is absorbed into DSP sq_sum_231.
DSP Report: Generating DSP sq_sum_231, operation Mode is: A*B.
DSP Report: operator sq_sum_231 is absorbed into DSP sq_sum_231.
DSP Report: operator sq_sum_231 is absorbed into DSP sq_sum_231.
DSP Report: Generating DSP sq_sum_231, operation Mode is: (PCIN>>17)+A*B.
DSP Report: operator sq_sum_231 is absorbed into DSP sq_sum_231.
DSP Report: operator sq_sum_231 is absorbed into DSP sq_sum_231.
DSP Report: Generating DSP sq_sum_231, operation Mode is: A*B.
DSP Report: operator sq_sum_231 is absorbed into DSP sq_sum_231.
DSP Report: operator sq_sum_231 is absorbed into DSP sq_sum_231.
DSP Report: Generating DSP sq_sum_231, operation Mode is: (PCIN>>17)+A*B.
DSP Report: operator sq_sum_231 is absorbed into DSP sq_sum_231.
DSP Report: operator sq_sum_231 is absorbed into DSP sq_sum_231.
DSP Report: Generating DSP sq_sum_231, operation Mode is: A*B.
DSP Report: operator sq_sum_231 is absorbed into DSP sq_sum_231.
DSP Report: operator sq_sum_231 is absorbed into DSP sq_sum_231.
DSP Report: Generating DSP sq_sum_231, operation Mode is: A*B.
DSP Report: operator sq_sum_231 is absorbed into DSP sq_sum_231.
DSP Report: operator sq_sum_231 is absorbed into DSP sq_sum_231.
DSP Report: Generating DSP sq_sum_231, operation Mode is: (PCIN>>17)+A*B.
DSP Report: operator sq_sum_231 is absorbed into DSP sq_sum_231.
DSP Report: operator sq_sum_231 is absorbed into DSP sq_sum_231.
DSP Report: Generating DSP sq_sum_231, operation Mode is: A*B.
DSP Report: operator sq_sum_231 is absorbed into DSP sq_sum_231.
DSP Report: operator sq_sum_231 is absorbed into DSP sq_sum_231.
DSP Report: Generating DSP sq_sum_231, operation Mode is: (PCIN>>17)+A*B.
DSP Report: operator sq_sum_231 is absorbed into DSP sq_sum_231.
DSP Report: operator sq_sum_231 is absorbed into DSP sq_sum_231.
DSP Report: Generating DSP sq_sum_221, operation Mode is: A*B.
DSP Report: operator sq_sum_221 is absorbed into DSP sq_sum_221.
DSP Report: operator sq_sum_221 is absorbed into DSP sq_sum_221.
DSP Report: Generating DSP sq_sum_221, operation Mode is: A*B.
DSP Report: operator sq_sum_221 is absorbed into DSP sq_sum_221.
DSP Report: operator sq_sum_221 is absorbed into DSP sq_sum_221.
DSP Report: Generating DSP sq_sum_221, operation Mode is: (PCIN>>17)+A*B.
DSP Report: operator sq_sum_221 is absorbed into DSP sq_sum_221.
DSP Report: operator sq_sum_221 is absorbed into DSP sq_sum_221.
DSP Report: Generating DSP sq_sum_221, operation Mode is: A*B.
DSP Report: operator sq_sum_221 is absorbed into DSP sq_sum_221.
DSP Report: operator sq_sum_221 is absorbed into DSP sq_sum_221.
DSP Report: Generating DSP sq_sum_221, operation Mode is: (PCIN>>17)+A*B.
DSP Report: operator sq_sum_221 is absorbed into DSP sq_sum_221.
DSP Report: operator sq_sum_221 is absorbed into DSP sq_sum_221.
DSP Report: Generating DSP sq_sum_221, operation Mode is: A*B.
DSP Report: operator sq_sum_221 is absorbed into DSP sq_sum_221.
DSP Report: operator sq_sum_221 is absorbed into DSP sq_sum_221.
DSP Report: Generating DSP sq_sum_221, operation Mode is: A*B.
DSP Report: operator sq_sum_221 is absorbed into DSP sq_sum_221.
DSP Report: operator sq_sum_221 is absorbed into DSP sq_sum_221.
DSP Report: Generating DSP sq_sum_221, operation Mode is: (PCIN>>17)+A*B.
DSP Report: operator sq_sum_221 is absorbed into DSP sq_sum_221.
DSP Report: operator sq_sum_221 is absorbed into DSP sq_sum_221.
DSP Report: Generating DSP sq_sum_221, operation Mode is: A*B.
DSP Report: operator sq_sum_221 is absorbed into DSP sq_sum_221.
DSP Report: operator sq_sum_221 is absorbed into DSP sq_sum_221.
DSP Report: Generating DSP sq_sum_221, operation Mode is: (PCIN>>17)+A*B.
DSP Report: operator sq_sum_221 is absorbed into DSP sq_sum_221.
DSP Report: operator sq_sum_221 is absorbed into DSP sq_sum_221.
---------------------------------------------------------------------------------
Finished Cross Boundary and Area Optimization : Time (s): cpu = 00:00:57 ; elapsed = 00:01:15 . Memory (MB): peak = 1709.090 ; gain = 821.594
---------------------------------------------------------------------------------
---------------------------------------------------------------------------------
Start ROM, RAM, DSP, Shift Register and Retiming Reporting
---------------------------------------------------------------------------------

DSP: Preliminary Mapping Report (see note below. The ' indicates corresponding REG is set)
+------------+----------------+--------+--------+--------+--------+--------+------+------+------+------+-------+------+------+
|Module Name | DSP Mapping    | A Size | B Size | C Size | D Size | P Size | AREG | BREG | CREG | DREG | ADREG | MREG | PREG | 
+------------+----------------+--------+--------+--------+--------+--------+------+------+------+------+-------+------+------+
|Goertzel    | A*B            | 25     | 8      | -      | -      | 48     | 0    | 0    | -    | -    | -     | 0    | 0    | 
|Goertzel    | A*B            | 25     | 18     | -      | -      | 48     | 0    | 0    | -    | -    | -     | 0    | 0    | 
|Goertzel    | (PCIN>>17)+A*B | 25     | 18     | -      | -      | 48     | 0    | 0    | -    | -    | -     | 0    | 0    | 
|Goertzel    | A*B            | 18     | 18     | -      | -      | 48     | 0    | 0    | -    | -    | -     | 0    | 0    | 
|Goertzel    | (PCIN>>17)+A*B | 25     | 18     | -      | -      | 48     | 0    | 0    | -    | -    | -     | 0    | 0    | 
|Goertzel    | A*B            | 25     | 8      | -      | -      | 48     | 0    | 0    | -    | -    | -     | 0    | 0    | 
|Goertzel    | A*B            | 25     | 18     | -      | -      | 48     | 0    | 0    | -    | -    | -     | 0    | 0    | 
|Goertzel    | (PCIN>>17)+A*B | 25     | 18     | -      | -      | 48     | 0    | 0    | -    | -    | -     | 0    | 0    | 
|Goertzel    | A*B            | 18     | 18     | -      | -      | 48     | 0    | 0    | -    | -    | -     | 0    | 0    | 
|Goertzel    | (PCIN>>17)+A*B | 25     | 18     | -      | -      | 48     | 0    | 0    | -    | -    | -     | 0    | 0    | 
|Goertzel    | A*B            | 25     | 8      | -      | -      | 48     | 0    | 0    | -    | -    | -     | 0    | 0    | 
|Goertzel    | A*B            | 25     | 18     | -      | -      | 48     | 0    | 0    | -    | -    | -     | 0    | 0    | 
|Goertzel    | (PCIN>>17)+A*B | 25     | 18     | -      | -      | 48     | 0    | 0    | -    | -    | -     | 0    | 0    | 
|Goertzel    | A*B            | 18     | 18     | -      | -      | 48     | 0    | 0    | -    | -    | -     | 0    | 0    | 
|Goertzel    | (PCIN>>17)+A*B | 25     | 18     | -      | -      | 48     | 0    | 0    | -    | -    | -     | 0    | 0    | 
|Goertzel    | A*B            | 25     | 8      | -      | -      | 48     | 0    | 0    | -    | -    | -     | 0    | 0    | 
|Goertzel    | A*B            | 25     | 18     | -      | -      | 48     | 0    | 0    | -    | -    | -     | 0    | 0    | 
|Goertzel    | (PCIN>>17)+A*B | 25     | 18     | -      | -      | 48     | 0    | 0    | -    | -    | -     | 0    | 0    | 
|Goertzel    | A*B            | 18     | 18     | -      | -      | 48     | 0    | 0    | -    | -    | -     | 0    | 0    | 
|Goertzel    | (PCIN>>17)+A*B | 25     | 18     | -      | -      | 48     | 0    | 0    | -    | -    | -     | 0    | 0    | 
|Goertzel    | A*B            | 25     | 8      | -      | -      | 48     | 0    | 0    | -    | -    | -     | 0    | 0    | 
|Goertzel    | A*B            | 25     | 18     | -      | -      | 48     | 0    | 0    | -    | -    | -     | 0    | 0    | 
|Goertzel    | (PCIN>>17)+A*B | 25     | 18     | -      | -      | 48     | 0    | 0    | -    | -    | -     | 0    | 0    | 
|Goertzel    | A*B            | 18     | 18     | -      | -      | 48     | 0    | 0    | -    | -    | -     | 0    | 0    | 
|Goertzel    | (PCIN>>17)+A*B | 25     | 18     | -      | -      | 48     | 0    | 0    | -    | -    | -     | 0    | 0    | 
|Goertzel    | A*B            | 25     | 8      | -      | -      | 48     | 0    | 0    | -    | -    | -     | 0    | 0    | 
|Goertzel    | A*B            | 25     | 18     | -      | -      | 48     | 0    | 0    | -    | -    | -     | 0    | 0    | 
|Goertzel    | (PCIN>>17)+A*B | 25     | 18     | -      | -      | 48     | 0    | 0    | -    | -    | -     | 0    | 0    | 
|Goertzel    | A*B            | 18     | 18     | -      | -      | 48     | 0    | 0    | -    | -    | -     | 0    | 0    | 
|Goertzel    | (PCIN>>17)+A*B | 25     | 18     | -      | -      | 48     | 0    | 0    | -    | -    | -     | 0    | 0    | 
+------------+----------------+--------+--------+--------+--------+--------+------+------+------+------+-------+------+------+

Note: The table above is a preliminary report that shows the DSPs inferred at the current stage of the synthesis flow. Some DSP may be reimplemented as non DSP primitives later in the synthesis flow. Multiple instantiated DSPs are reported only once.
---------------------------------------------------------------------------------
Finished ROM, RAM, DSP, Shift Register and Retiming Reporting
---------------------------------------------------------------------------------
---------------------------------------------------------------------------------
Start Applying XDC Timing Constraints
---------------------------------------------------------------------------------
---------------------------------------------------------------------------------
Finished Applying XDC Timing Constraints : Time (s): cpu = 00:01:05 ; elapsed = 00:01:24 . Memory (MB): peak = 1709.090 ; gain = 821.594
---------------------------------------------------------------------------------
---------------------------------------------------------------------------------
Start Timing Optimization
---------------------------------------------------------------------------------
---------------------------------------------------------------------------------
Finished Timing Optimization : Time (s): cpu = 00:01:05 ; elapsed = 00:01:24 . Memory (MB): peak = 1709.090 ; gain = 821.594
---------------------------------------------------------------------------------
---------------------------------------------------------------------------------
Start Technology Mapping
---------------------------------------------------------------------------------
---------------------------------------------------------------------------------
Finished Technology Mapping : Time (s): cpu = 00:01:09 ; elapsed = 00:01:27 . Memory (MB): peak = 1709.090 ; gain = 821.594
---------------------------------------------------------------------------------
---------------------------------------------------------------------------------
Start IO Insertion
---------------------------------------------------------------------------------
---------------------------------------------------------------------------------
Start Flattening Before IO Insertion
---------------------------------------------------------------------------------
---------------------------------------------------------------------------------
Finished Flattening Before IO Insertion
---------------------------------------------------------------------------------
---------------------------------------------------------------------------------
Start Final Netlist Cleanup
---------------------------------------------------------------------------------
---------------------------------------------------------------------------------
Finished Final Netlist Cleanup
---------------------------------------------------------------------------------
---------------------------------------------------------------------------------
Finished IO Insertion : Time (s): cpu = 00:01:14 ; elapsed = 00:01:33 . Memory (MB): peak = 1709.090 ; gain = 821.594
---------------------------------------------------------------------------------
---------------------------------------------------------------------------------
Start Renaming Generated Instances
---------------------------------------------------------------------------------
---------------------------------------------------------------------------------
Finished Renaming Generated Instances : Time (s): cpu = 00:01:14 ; elapsed = 00:01:33 . Memory (MB): peak = 1709.090 ; gain = 821.594
---------------------------------------------------------------------------------
---------------------------------------------------------------------------------
Start Rebuilding User Hierarchy
---------------------------------------------------------------------------------
---------------------------------------------------------------------------------
Finished Rebuilding User Hierarchy : Time (s): cpu = 00:01:14 ; elapsed = 00:01:33 . Memory (MB): peak = 1709.090 ; gain = 821.594
---------------------------------------------------------------------------------
---------------------------------------------------------------------------------
Start Renaming Generated Ports
---------------------------------------------------------------------------------
---------------------------------------------------------------------------------
Finished Renaming Generated Ports : Time (s): cpu = 00:01:15 ; elapsed = 00:01:33 . Memory (MB): peak = 1709.090 ; gain = 821.594
---------------------------------------------------------------------------------
---------------------------------------------------------------------------------
Start Handling Custom Attributes
---------------------------------------------------------------------------------
---------------------------------------------------------------------------------
Finished Handling Custom Attributes : Time (s): cpu = 00:01:15 ; elapsed = 00:01:33 . Memory (MB): peak = 1709.090 ; gain = 821.594
---------------------------------------------------------------------------------
---------------------------------------------------------------------------------
Start Renaming Generated Nets
---------------------------------------------------------------------------------
---------------------------------------------------------------------------------
Finished Renaming Generated Nets : Time (s): cpu = 00:01:15 ; elapsed = 00:01:34 . Memory (MB): peak = 1709.090 ; gain = 821.594
---------------------------------------------------------------------------------
---------------------------------------------------------------------------------
Start Writing Synthesis Report
---------------------------------------------------------------------------------

DSP Final Report (the ' indicates corresponding REG is set)
+------------+--------------+--------+--------+--------+--------+--------+------+------+------+------+-------+------+------+
|Module Name | DSP Mapping  | A Size | B Size | C Size | D Size | P Size | AREG | BREG | CREG | DREG | ADREG | MREG | PREG | 
+------------+--------------+--------+--------+--------+--------+--------+------+------+------+------+-------+------+------+
|Goertzel    | A*B          | 30     | 18     | -      | -      | 48     | 0    | 0    | -    | -    | -     | 0    | 0    | 
|Goertzel    | A*B          | 30     | 17     | -      | -      | 48     | 0    | 0    | -    | -    | -     | 0    | 0    | 
|Goertzel    | PCIN>>17+A*B | 30     | 17     | -      | -      | 48     | 0    | 0    | -    | -    | -     | 0    | 0    | 
|Goertzel    | A*B          | 17     | 17     | -      | -      | 48     | 0    | 0    | -    | -    | -     | 0    | 0    | 
|Goertzel    | PCIN>>17+A*B | 30     | 17     | -      | -      | 48     | 0    | 0    | -    | -    | -     | 0    | 0    | 
|Goertzel    | A*B          | 30     | 18     | -      | -      | 48     | 0    | 0    | -    | -    | -     | 0    | 0    | 
|Goertzel    | A*B          | 30     | 17     | -      | -      | 48     | 0    | 0    | -    | -    | -     | 0    | 0    | 
|Goertzel    | PCIN>>17+A*B | 30     | 17     | -      | -      | 48     | 0    | 0    | -    | -    | -     | 0    | 0    | 
|Goertzel    | A*B          | 17     | 17     | -      | -      | 48     | 0    | 0    | -    | -    | -     | 0    | 0    | 
|Goertzel    | PCIN>>17+A*B | 30     | 17     | -      | -      | 48     | 0    | 0    | -    | -    | -     | 0    | 0    | 
|Goertzel    | A*B          | 30     | 18     | -      | -      | 48     | 0    | 0    | -    | -    | -     | 0    | 0    | 
|Goertzel    | A*B          | 30     | 17     | -      | -      | 48     | 0    | 0    | -    | -    | -     | 0    | 0    | 
|Goertzel    | PCIN>>17+A*B | 30     | 17     | -      | -      | 48     | 0    | 0    | -    | -    | -     | 0    | 0    | 
|Goertzel    | A*B          | 17     | 17     | -      | -      | 48     | 0    | 0    | -    | -    | -     | 0    | 0    | 
|Goertzel    | PCIN>>17+A*B | 30     | 17     | -      | -      | 48     | 0    | 0    | -    | -    | -     | 0    | 0    | 
|Goertzel    | A*B          | 30     | 18     | -      | -      | 48     | 0    | 0    | -    | -    | -     | 0    | 0    | 
|Goertzel    | A*B          | 30     | 17     | -      | -      | 48     | 0    | 0    | -    | -    | -     | 0    | 0    | 
|Goertzel    | PCIN>>17+A*B | 30     | 17     | -      | -      | 48     | 0    | 0    | -    | -    | -     | 0    | 0    | 
|Goertzel    | A*B          | 17     | 17     | -      | -      | 48     | 0    | 0    | -    | -    | -     | 0    | 0    | 
|Goertzel    | PCIN>>17+A*B | 30     | 17     | -      | -      | 48     | 0    | 0    | -    | -    | -     | 0    | 0    | 
|Goertzel    | A*B          | 30     | 18     | -      | -      | 48     | 0    | 0    | -    | -    | -     | 0    | 0    | 
|Goertzel    | A*B          | 30     | 17     | -      | -      | 48     | 0    | 0    | -    | -    | -     | 0    | 0    | 
|Goertzel    | PCIN>>17+A*B | 30     | 17     | -      | -      | 48     | 0    | 0    | -    | -    | -     | 0    | 0    | 
|Goertzel    | A*B          | 17     | 17     | -      | -      | 48     | 0    | 0    | -    | -    | -     | 0    | 0    | 
|Goertzel    | PCIN>>17+A*B | 30     | 17     | -      | -      | 48     | 0    | 0    | -    | -    | -     | 0    | 0    | 
|Goertzel    | A*B          | 30     | 18     | -      | -      | 48     | 0    | 0    | -    | -    | -     | 0    | 0    | 
|Goertzel    | A*B          | 30     | 17     | -      | -      | 48     | 0    | 0    | -    | -    | -     | 0    | 0    | 
|Goertzel    | PCIN>>17+A*B | 30     | 17     | -      | -      | 48     | 0    | 0    | -    | -    | -     | 0    | 0    | 
|Goertzel    | A*B          | 17     | 17     | -      | -      | 48     | 0    | 0    | -    | -    | -     | 0    | 0    | 
|Goertzel    | PCIN>>17+A*B | 30     | 17     | -      | -      | 48     | 0    | 0    | -    | -    | -     | 0    | 0    | 
+------------+--------------+--------+--------+--------+--------+--------+------+------+------+------+-------+------+------+


Report BlackBoxes: 
+-+--------------+----------+
| |BlackBox name |Instances |
+-+--------------+----------+
+-+--------------+----------+

Report Cell Usage: 
+------+---------+------+
|      |Cell     |Count |
+------+---------+------+
|1     |BUFG     |     1|
|2     |CARRY4   |  1066|
|3     |DSP48E1  |    30|
|4     |LUT1     |   202|
|5     |LUT2     |  3617|
|6     |LUT3     |   851|
|7     |LUT4     |  1080|
|8     |LUT5     |   914|
|9     |LUT6     |  4789|
|10    |MUXF7    |  2176|
|11    |MUXF8    |  1088|
|12    |RAMB18E1 |     1|
|13    |FDCE     |  1262|
|14    |FDPE     |     1|
|15    |FDRE     | 16400|
|16    |IBUF     |     2|
|17    |OBUF     |   160|
+------+---------+------+
---------------------------------------------------------------------------------
Finished Writing Synthesis Report : Time (s): cpu = 00:01:15 ; elapsed = 00:01:34 . Memory (MB): peak = 1709.090 ; gain = 821.594
---------------------------------------------------------------------------------
Synthesis finished with 0 errors, 0 critical warnings and 1 warnings.
Synthesis Optimization Runtime : Time (s): cpu = 00:00:54 ; elapsed = 00:01:30 . Memory (MB): peak = 1709.090 ; gain = 739.414
Synthesis Optimization Complete : Time (s): cpu = 00:01:15 ; elapsed = 00:01:34 . Memory (MB): peak = 1709.090 ; gain = 821.594
INFO: [Project 1-571] Translating synthesized netlist
Netlist sorting complete. Time (s): cpu = 00:00:00 ; elapsed = 00:00:00.278 . Memory (MB): peak = 1709.090 ; gain = 0.000
INFO: [Netlist 29-17] Analyzing 4361 Unisim elements for replacement
INFO: [Netlist 29-28] Unisim Transformation completed in 0 CPU seconds
WARNING: [Netlist 29-101] Netlist 'Goertzel' is not ideal for floorplanning, since the cellview 'Goertzel' contains a large number of primitives.  Please consider enabling hierarchy in synthesis if you want to do floorplanning.
INFO: [Project 1-570] Preparing netlist for logic optimization
INFO: [Opt 31-138] Pushed 0 inverter(s) to 0 load pin(s).
Netlist sorting complete. Time (s): cpu = 00:00:00 ; elapsed = 00:00:00.006 . Memory (MB): peak = 1709.090 ; gain = 0.000
INFO: [Project 1-111] Unisim Transformation Summary:
No Unisim elements were transformed.

Synth Design complete | Checksum: 6c815dcd
INFO: [Common 17-83] Releasing license: Synthesis
27 Infos, 211 Warnings, 0 Critical Warnings and 0 Errors encountered.
synth_design completed successfully
synth_design: Time (s): cpu = 00:01:23 ; elapsed = 00:01:42 . Memory (MB): peak = 1709.090 ; gain = 1219.660
INFO: [Common 17-1381] The checkpoint 'G:/NERCN_LFP/FPGA_final project/DBS_FPGA/Goertzel_FFT/Goertzel_FFT.runs/synth_1/Goertzel.dcp' has been generated.
INFO: [runtcl-4] Executing : report_utilization -file Goertzel_utilization_synth.rpt -pb Goertzel_utilization_synth.pb
INFO: [Common 17-206] Exiting Vivado at Thu Mar 13 14:44:52 2025...
