#-----------------------------------------------------------
# Vivado v2023.1 (64-bit)
# SW Build 3865809 on Sun May  7 15:05:29 MDT 2023
# IP Build 3864474 on Sun May  7 20:36:21 MDT 2023
# SharedData Build 3865790 on Sun May 07 13:33:03 MDT 2023
# Start of session at: Wed Feb 19 18:59:30 2025
# Process ID: 16744
# Current directory: G:/NERCN_LFP/FPGA_final project/DBS_FPGA/data_1_9_semi_final/data_1_9_semi_final.runs/synth_1
# Command line: vivado.exe -log source_data_1_9.vds -product Vivado -mode batch -messageDb vivado.pb -notrace -source source_data_1_9.tcl
# Log file: G:/NERCN_LFP/FPGA_final project/DBS_FPGA/data_1_9_semi_final/data_1_9_semi_final.runs/synth_1/source_data_1_9.vds
# Journal file: G:/NERCN_LFP/FPGA_final project/DBS_FPGA/data_1_9_semi_final/data_1_9_semi_final.runs/synth_1\vivado.jou
# Running On: Wanghaochen, OS: Windows, CPU Frequency: 2304 MHz, CPU Physical cores: 8, Host memory: 34090 MB
#-----------------------------------------------------------
source source_data_1_9.tcl -notrace
