#-----------------------------------------------------------
# Vivado v2023.1 (64-bit)
# SW Build 3865809 on Sun May  7 15:05:29 MDT 2023
# IP Build 3864474 on Sun May  7 20:36:21 MDT 2023
# SharedData Build 3865790 on Sun May 07 13:33:03 MDT 2023
# Start of session at: Wed Feb 19 19:00:30 2025
# Process ID: 22852
# Current directory: G:/NERCN_LFP/FPGA_final project/DBS_FPGA/data_1_9_semi_final/data_1_9_semi_final.runs/impl_1
# Command line: vivado.exe -log source_data_1_9.vdi -applog -product Vivado -messageDb vivado.pb -mode batch -source source_data_1_9.tcl -notrace
# Log file: G:/NERCN_LFP/FPGA_final project/DBS_FPGA/data_1_9_semi_final/data_1_9_semi_final.runs/impl_1/source_data_1_9.vdi
# Journal file: G:/NERCN_LFP/FPGA_final project/DBS_FPGA/data_1_9_semi_final/data_1_9_semi_final.runs/impl_1\vivado.jou
# Running On: Wanghaochen, OS: Windows, CPU Frequency: 2304 MHz, CPU Physical cores: 8, Host memory: 34090 MB
#-----------------------------------------------------------
source source_data_1_9.tcl -notrace
