Copyright 1986-2022 Xilinx, Inc. All Rights Reserved. Copyright 2022-2023 Advanced Micro Devices, Inc. All Rights Reserved.
---------------------------------------------------------------------------------------------------------------------------------------------
| Tool Version : Vivado v.2023.1 (win64) Build 3865809 Sun May  7 15:05:29 MDT 2023
| Date         : Tue Feb 18 17:42:10 2025
| Host         : Wanghaochen running 64-bit major release  (build 9200)
| Command      : upgrade_ip
| Device       : xc7a100tfgg484-2
---------------------------------------------------------------------------------------------------------------------------------------------

Upgrade Log for IP 'ila_0'

1. Summary
----------

SUCCESS in the update of ila_0 (xilinx.com:ip:ila:6.2 (Rev. 13)) to current project options.






Copyright 1986-2022 Xilinx, Inc. All Rights Reserved. Copyright 2022-2023 Advanced Micro Devices, Inc. All Rights Reserved.
---------------------------------------------------------------------------------------------------------------------------------------------
| Tool Version : Vivado v.2023.1 (win64) Build 3865809 Sun May  7 15:05:29 MDT 2023
| Date         : Tue Feb 18 17:42:07 2025
| Host         : Wanghaochen running 64-bit major release  (build 9200)
| Command      : upgrade_ip
| Device       : xc7a100tfgg484-2
---------------------------------------------------------------------------------------------------------------------------------------------

Upgrade Log for IP 'hanning_bram'

1. Summary
----------

SUCCESS in the update of hanning_bram (xilinx.com:ip:blk_mem_gen:8.4 (Rev. 6)) to current project options.

